 PWM_controller_sfun

 Timestamp is 543f0e9d (Wed Oct 15 17:17:33 2014)

 Preferred load address is 0000000180000000

 Start         Length     Name                   Class
 0001:00000000 0000f914H .text                   CODE
 0001:0000f920 00000092H .text$x                 CODE
 0002:00000000 00000460H .idata$5                DATA
 0002:00000460 00000008H .CRT$XCA                DATA
 0002:00000468 00000008H .CRT$XCZ                DATA
 0002:00000470 00000008H .CRT$XIA                DATA
 0002:00000478 00000008H .CRT$XIAA               DATA
 0002:00000480 00000008H .CRT$XIZ                DATA
 0002:00000490 00000694H .rdata                  DATA
 0002:00000b28 00000008H .rtc$IAA                DATA
 0002:00000b30 00000008H .rtc$IZZ                DATA
 0002:00000b38 00000008H .rtc$TAA                DATA
 0002:00000b40 00000008H .rtc$TZZ                DATA
 0002:00000b48 00000690H .xdata                  DATA
 0002:000011d8 00000078H .idata$2                DATA
 0002:00001250 00000014H .idata$3                DATA
 0002:00001268 00000460H .idata$4                DATA
 0002:000016c8 00000c56H .idata$6                DATA
 0002:00002320 00000059H .edata                  DATA
 0003:00000000 00001a18H .data                   DATA
 0003:00001a20 000006a8H .bss                    DATA
 0004:00000000 00000804H .pdata                  DATA

  Address         Publics by Value              Rva+Base               Lib:Object

 0000:00000000       ___safe_se_handler_table   0000000000000000     <absolute>
 0000:00000000       ___safe_se_handler_count   0000000000000000     <absolute>
 0000:00000000       __ImageBase                0000000180000000     <linker-defined>
 0001:00000000       PWM_controller_initializer 0000000180001000 f   PWM_controller_sfun.obj
 0001:00000010       PWM_controller_terminator  0000000180001010 f   PWM_controller_sfun.obj
 0001:00000020       sf_PWM_controller_method_dispatcher 0000000180001020 f   PWM_controller_sfun.obj
 0001:00000070       sf_PWM_controller_process_check_sum_call 0000000180001070 f   PWM_controller_sfun.obj
 0001:00000480       sf_PWM_controller_autoinheritance_info 0000000180001480 f   PWM_controller_sfun.obj
 0001:000005f0       sf_PWM_controller_get_eml_resolved_functions_info 00000001800015f0 f   PWM_controller_sfun.obj
 0001:00000720       sf_PWM_controller_third_party_uses_info 0000000180001720 f   PWM_controller_sfun.obj
 0001:00000870       sf_PWM_controller_updateBuildInfo_args_info 0000000180001870 f   PWM_controller_sfun.obj
 0001:000009c0       PWM_controller_debug_initialize 00000001800019c0 f   PWM_controller_sfun.obj
 0001:00000a40       PWM_controller_register_exported_symbols 0000000180001a40 f   PWM_controller_sfun.obj
 0001:00000a50       load_PWM_controller_optimization_info 0000000180001a50 f   PWM_controller_sfun.obj
 0001:00000aa0       unload_PWM_controller_optimization_info 0000000180001aa0 f   PWM_controller_sfun.obj
 0001:00000ad0       sf_c3_PWM_controller_get_eml_resolved_functions_info 0000000180001ad0 f   c3_PWM_controller.obj
 0001:00000b50       sf_c3_PWM_controller_get_check_sum 0000000180001b50 f   c3_PWM_controller.obj
 0001:00000bd0       sf_c3_PWM_controller_get_autoinheritance_info 0000000180001bd0 f   c3_PWM_controller.obj
 0001:00001410       sf_c3_PWM_controller_third_party_uses_info 0000000180002410 f   c3_PWM_controller.obj
 0001:00001440       sf_c3_PWM_controller_updateBuildInfo_args_info 0000000180002440 f   c3_PWM_controller.obj
 0001:00001470       sf_internal_get_sim_state_c3_PWM_controller 0000000180002470 f   c3_PWM_controller.obj
 0001:00001900       sf_internal_set_sim_state_c3_PWM_controller 0000000180002900 f   c3_PWM_controller.obj
 0001:00002560       c3_PWM_controller_method_dispatcher 0000000180003560 f   c3_PWM_controller.obj
 0001:000087e0       sf_process_check_sum_call  00000001800097e0 f   PWM_controller_sfun_registry.obj
 0001:00008830       sf_process_autoinheritance_call 0000000180009830 f   PWM_controller_sfun_registry.obj
 0001:000089d0       sf_process_get_third_party_uses_info_call 00000001800099d0 f   PWM_controller_sfun_registry.obj
 0001:00008b70       sf_process_get_updateBuildInfo_args_info_call 0000000180009b70 f   PWM_controller_sfun_registry.obj
 0001:00008d10       sf_process_get_eml_resolved_functions_info_call 0000000180009d10 f   PWM_controller_sfun_registry.obj
 0001:00008e90       sf_mex_unlock_call         0000000180009e90 f   PWM_controller_sfun_registry.obj
 0001:00008f40       sf_machine_global_initializer_called 0000000180009f40 f   PWM_controller_sfun_registry.obj
 0001:00008f70       sf_machine_global_method_dispatcher 0000000180009f70 f   PWM_controller_sfun_registry.obj
 0001:00008fd0       sf_machine_global_terminator 0000000180009fd0 f   PWM_controller_sfun_registry.obj
 0001:00009020       sf_register_machine_exported_symbols 000000018000a020 f   PWM_controller_sfun_registry.obj
 0001:00009040       callCustomFcn              000000018000a040 f   PWM_controller_sfun_registry.obj
 0001:00009050       sf_machine_global_initializer 000000018000a050 f   PWM_controller_sfun_registry.obj
 0001:000090d0       mdlGetSimState             000000018000a0d0 f   PWM_controller_sfun_registry.obj
 0001:00009150       mdlSetSimState             000000018000a150 f   PWM_controller_sfun_registry.obj
 0001:00009190       _ssSetStateAbsTol          000000018000a190 f   PWM_controller_sfun_registry.obj
 0001:00009270       _ssGetAbsTol               000000018000a270 f   PWM_controller_sfun_registry.obj
 0001:000092e0       _ssSetInputPortMatrixDimensions 000000018000a2e0 f   PWM_controller_sfun_registry.obj
 0001:000093f0       _ssSetOutputPortMatrixDimensions 000000018000a3f0 f   PWM_controller_sfun_registry.obj
 0001:00009500       _ssSetInputPortVectorDimension 000000018000a500 f   PWM_controller_sfun_registry.obj
 0001:000095d0       _ssSetOutputPortVectorDimension 000000018000a5d0 f   PWM_controller_sfun_registry.obj
 0001:000096a0       ssIsRunTimeParamTunable    000000018000a6a0 f   PWM_controller_sfun_registry.obj
 0001:00009710       ssGetSFuncBlockHandle      000000018000a710 f   PWM_controller_sfun_registry.obj
 0001:00009780       _ssGetCurrentInputPortWidth 000000018000a780 f   PWM_controller_sfun_registry.obj
 0001:000098a0       _ssGetCurrentOutputPortWidth 000000018000a8a0 f   PWM_controller_sfun_registry.obj
 0001:000099c0       _ssGetCallSystemNumFcnCallDestinations 000000018000a9c0 f   PWM_controller_sfun_registry.obj
 0001:00009a30       ssWarning                  000000018000aa30 f   PWM_controller_sfun_registry.obj
 0001:00009b40       ssGetIsZeroCrossControlDisabled 000000018000ab40 f   PWM_controller_sfun_registry.obj
 0001:00009bb0       ssSetIsInputPortUsedForContZcSignal 000000018000abb0 f   PWM_controller_sfun_registry.obj
 0001:00009c20       ssSetZcSignalIsZcElementDisc 000000018000ac20 f   PWM_controller_sfun_registry.obj
 0001:00009cd0       ssSetZcSignalName          000000018000acd0 f   PWM_controller_sfun_registry.obj
 0001:00009d40       ssSetZcSignalWidth         000000018000ad40 f   PWM_controller_sfun_registry.obj
 0001:00009db0       ssSetZcSignalZcEventType   000000018000adb0 f   PWM_controller_sfun_registry.obj
 0001:00009e20       ssSetZcSignalType          000000018000ae20 f   PWM_controller_sfun_registry.obj
 0001:00009e90       ssSetZcSignalZcTol         000000018000ae90 f   PWM_controller_sfun_registry.obj
 0001:00009f00       ssSetZcSignalNeedsEventNotification 000000018000af00 f   PWM_controller_sfun_registry.obj
 0001:00009f70       ssCreateAndAddZcSignalInfo 000000018000af70 f   PWM_controller_sfun_registry.obj
 0001:00009fe0       ssCloneAndAddZcSignalInfo  000000018000afe0 f   PWM_controller_sfun_registry.obj
 0001:0000a050       ssGetNumZcSignals          000000018000b050 f   PWM_controller_sfun_registry.obj
 0001:0000a0c0       ssGetZcSignalVector        000000018000b0c0 f   PWM_controller_sfun_registry.obj
 0001:0000a130       ssGetZcSignalZcEvents      000000018000b130 f   PWM_controller_sfun_registry.obj
 0001:0000a1a0       ssGetZcSignalName          000000018000b1a0 f   PWM_controller_sfun_registry.obj
 0001:0000a210       ssGetZcSignalWidth         000000018000b210 f   PWM_controller_sfun_registry.obj
 0001:0000a280       ssGetZcSignalZcEventType   000000018000b280 f   PWM_controller_sfun_registry.obj
 0001:0000a2f0       ssGetZcSignalType          000000018000b2f0 f   PWM_controller_sfun_registry.obj
 0001:0000a360       ssGetZcSignalZcTol         000000018000b360 f   PWM_controller_sfun_registry.obj
 0001:0000a3e0       ssGetZcSignalNeedsEventNotification 000000018000b3e0 f   PWM_controller_sfun_registry.obj
 0001:0000a450       ssGetZcSignalIsZcElementDisc 000000018000b450 f   PWM_controller_sfun_registry.obj
 0001:0000a4f0       ssGetIsInputPortElementContinuous 000000018000b4f0 f   PWM_controller_sfun_registry.obj
 0001:0000a590       _ssGetInputPortSignalPtrsFcn 000000018000b590 f   PWM_controller_sfun_registry.obj
 0001:0000a850       _ssGetInputPortSignalFcn   000000018000b850 f   PWM_controller_sfun_registry.obj
 0001:0000aa70       _ssSetInputPortDirectFeedThroughFcn 000000018000ba70 f   PWM_controller_sfun_registry.obj
 0001:0000abd0       _ssSetInputPortReusableFcn 000000018000bbd0 f   PWM_controller_sfun_registry.obj
 0001:0000acc0       _ssSetOutputPortReusableFcn 000000018000bcc0 f   PWM_controller_sfun_registry.obj
 0001:0000ada0       ssGetDTypeIdFromMxArray    000000018000bda0 f   PWM_controller_sfun_registry.obj
 0001:0000aec0       ssWriteRTWStr              000000018000bec0 f   PWM_controller_sfun_registry.obj
 0001:0000af20       ssWriteRTWMxVectParam      000000018000bf20 f   PWM_controller_sfun_registry.obj
 0001:0000af80       ssWriteRTWMx2dMatParam     000000018000bf80 f   PWM_controller_sfun_registry.obj
 0001:0000b000       ssWriteRTWNameValuePair    000000018000c000 f   PWM_controller_sfun_registry.obj
 0001:0000b4f0       ssWriteRTWParameters       000000018000c4f0 f   PWM_controller_sfun_registry.obj
 0001:0000baf0       ssWriteRTWParamSettings    000000018000caf0 f   PWM_controller_sfun_registry.obj
 0001:0000c1c0       ssWriteRTWWorkVect         000000018000d1c0 f   PWM_controller_sfun_registry.obj
 0001:0000c6c0       mexFunction                000000018000d6c0 f   PWM_controller_sfun_registry.obj
 0001:0000eb40       ProcessMexSfunctionEveryCall 000000018000fb40 f   PWM_controller_sfun_registry.obj
 0001:0000ecc2       sf_debug_set_machine_data_thresholds 000000018000fcc2 f   sf_runtime:sf_runtime.dll
 0001:0000ecc8       sf_debug_set_machine_event_thresholds 000000018000fcc8 f   sf_runtime:sf_runtime.dll
 0001:0000ecce       sf_debug_initialize_machine 000000018000fcce f   sf_runtime:sf_runtime.dll
 0001:0000ecd4       sf_load_rtw_optimization_info 000000018000fcd4 f   sf_runtime:sf_runtime.dll
 0001:0000ecda       sf_mex_assign              000000018000fcda f   sf_runtime:sf_runtime.dll
 0001:0000ece0       sf_mex_create              000000018000fce0 f   sf_runtime:sf_runtime.dll
 0001:0000ece6       sf_mex_error_message       000000018000fce6 f   sf_runtime:sf_runtime.dll
 0001:0000ecec       sf_mex_call_matlab         000000018000fcec f   sf_runtime:sf_runtime.dll
 0001:0000ecf2       sf_mex_setcell             000000018000fcf2 f   sf_runtime:sf_runtime.dll
 0001:0000ecf8       sf_mex_createcellmatrix    000000018000fcf8 f   sf_runtime:sf_runtime.dll
 0001:0000ecfe       sf_mex_decode_encoded_mx_struct_array 000000018000fcfe f   sf_runtime:sf_runtime.dll
 0001:0000ed04       sf_mex_destroy             000000018000fd04 f   sf_runtime:sf_runtime.dll
 0001:0000ed0a       sf_mex_getcell             000000018000fd0a f   sf_runtime:sf_runtime.dll
 0001:0000ed10       sf_mex_dup                 000000018000fd10 f   sf_runtime:sf_runtime.dll
 0001:0000ed16       sf_debug_animate           000000018000fd16 f   sf_runtime:sf_runtime.dll
 0001:0000ed1c       sf_debug_call              000000018000fd1c f   sf_runtime:sf_runtime.dll
 0001:0000ed22       sf_debug_set_honor_breakpoints 000000018000fd22 f   sf_runtime:sf_runtime.dll
 0001:0000ed28       sf_debug_set_animation     000000018000fd28 f   sf_runtime:sf_runtime.dll
 0001:0000ed2e       sf_debug_get_animation     000000018000fd2e f   sf_runtime:sf_runtime.dll
 0001:0000ed34       sf_mex_import              000000018000fd34 f   sf_runtime:sf_runtime.dll
 0001:0000ed3a       sf_mex_duplicatearraysafe  000000018000fd3a f   sf_runtime:sf_runtime.dll
 0001:0000ed40       sf_set_rtw_dwork_info      000000018000fd40 f   sf_runtime:sf_runtime.dll
 0001:0000ed46       sf_mark_chart_reusable_outputs 000000018000fd46 f   sf_runtime:sf_runtime.dll
 0001:0000ed4c       sf_mark_chart_expressionable_inputs 000000018000fd4c f   sf_runtime:sf_runtime.dll
 0001:0000ed52       sf_update_buildInfo        000000018000fd52 f   sf_runtime:sf_runtime.dll
 0001:0000ed58       sf_rtw_info_uint_prop      000000018000fd58 f   sf_runtime:sf_runtime.dll
 0001:0000ed5e       sf_is_chart_inlinable      000000018000fd5e f   sf_runtime:sf_runtime.dll
 0001:0000ed64       sim_mode_is_external       000000018000fd64 f   sf_runtime:sf_runtime.dll
 0001:0000ed6a       sim_mode_is_rtw_gen        000000018000fd6a f   sf_runtime:sf_runtime.dll
 0001:0000ed70       sf_debug_reset_current_state_configuration 000000018000fd70 f   sf_runtime:sf_runtime.dll
 0001:0000ed76       sf_debug_set_instance_data_value_ptr 000000018000fd76 f   sf_runtime:sf_runtime.dll
 0001:0000ed7c       sf_debug_set_chart_data_compiled_props 000000018000fd7c f   sf_runtime:sf_runtime.dll
 0001:0000ed82       cv_eml_init_mcdc           000000018000fd82 f   sf_runtime:sf_runtime.dll
 0001:0000ed88       cv_eml_init_saturation     000000018000fd88 f   sf_runtime:sf_runtime.dll
 0001:0000ed8e       cv_eml_init_if             000000018000fd8e f   sf_runtime:sf_runtime.dll
 0001:0000ed94       cv_eml_init_script         000000018000fd94 f   sf_runtime:sf_runtime.dll
 0001:0000ed9a       sf_debug_cv_init_trans     000000018000fd9a f   sf_runtime:sf_runtime.dll
 0001:0000eda0       sf_debug_cv_init_state     000000018000fda0 f   sf_runtime:sf_runtime.dll
 0001:0000eda6       sf_debug_cv_init_chart     000000018000fda6 f   sf_runtime:sf_runtime.dll
 0001:0000edac       sf_debug_set_chart_state_substate_count 000000018000fdac f   sf_runtime:sf_runtime.dll
 0001:0000edb2       sf_debug_set_chart_substate_index 000000018000fdb2 f   sf_runtime:sf_runtime.dll
 0001:0000edb8       sf_debug_set_chart_decomposition 000000018000fdb8 f   sf_runtime:sf_runtime.dll
 0001:0000edbe       sf_debug_set_chart_substate_count 000000018000fdbe f   sf_runtime:sf_runtime.dll
 0001:0000edc4       sf_debug_set_chart_state_info 000000018000fdc4 f   sf_runtime:sf_runtime.dll
 0001:0000edca       sf_debug_set_chart_data_props 000000018000fdca f   sf_runtime:sf_runtime.dll
 0001:0000edd0       sf_debug_set_chart_event_thresholds 000000018000fdd0 f   sf_runtime:sf_runtime.dll
 0001:0000edd6       sf_debug_set_chart_disable_implicit_casting 000000018000fdd6 f   sf_runtime:sf_runtime.dll
 0001:0000eddc       sf_debug_initialize_chart  000000018000fddc f   sf_runtime:sf_runtime.dll
 0001:0000ede2       sf_debug_check_for_state_inconsistency 000000018000fde2 f   sf_runtime:sf_runtime.dll
 0001:0000ede8       sf_get_time                000000018000fde8 f   sf_runtime:sf_runtime.dll
 0001:0000edee       sf_debug_symbol_scope_pop  000000018000fdee f   sf_runtime:sf_runtime.dll
 0001:0000edf4       sf_debug_data_range_wrapper 000000018000fdf4 f   sf_runtime:sf_runtime.dll
 0001:0000edfa       sf_debug_data_range_error_wrapper_min_max 000000018000fdfa f   sf_runtime:sf_runtime.dll
 0001:0000ee00       sf_debug_symbol_scope_push 000000018000fe00 f   sf_runtime:sf_runtime.dll
 0001:0000ee06       cv_eml_eval                000000018000fe06 f   sf_runtime:sf_runtime.dll
 0001:0000ee0c       cv_eval_saturation         000000018000fe0c f   sf_runtime:sf_runtime.dll
 0001:0000ee12       sf_debug_symbol_scope_add_eml_importable 000000018000fe12 f   sf_runtime:sf_runtime.dll
 0001:0000ee18       sf_debug_symbol_scope_push_eml 000000018000fe18 f   sf_runtime:sf_runtime.dll
 0001:0000ee1e       cv_eval_point              000000018000fe1e f   sf_runtime:sf_runtime.dll
 0001:0000ee24       sf_debug_eml_data_array_bounds_error_check 000000018000fe24 f   sf_runtime:sf_runtime.dll
 0001:0000ee2a       sf_debug_read_before_write_check 000000018000fe2a f   sf_runtime:sf_runtime.dll
 0001:0000ee30       sf_clear_rtw_identifier    000000018000fe30 f   sf_runtime:sf_runtime.dll
 0001:0000ee36       sf_debug_terminate         000000018000fe36 f   sf_runtime:sf_runtime.dll
 0001:0000ee3c       sf_debug_create_debug_instance_struct 000000018000fe3c f   sf_runtime:sf_runtime.dll
 0001:0000ee42       sf_debug_api               000000018000fe42 f   sf_runtime:sf_runtime.dll
 0001:0000ee48       callMdlMethodAndReportError 000000018000fe48 f   sf_runtime:sf_runtime.dll
 0001:0000ee4e       call_sf_machine_global_method_dispatcher 000000018000fe4e f   sf_runtime:sf_runtime.dll
 0001:0000ee54       sf_clear_error_manager_info 000000018000fe54 f   sf_runtime:sf_runtime.dll
 0001:0000ee5a       sf_mex_error_direct_call   000000018000fe5a f   sf_runtime:sf_runtime.dll
 0001:0000ee60       mxGetScalar                000000018000fe60 f   libmx:libmx.dll
 0001:0000ee66       mxGetPr                    000000018000fe66 f   libmx:libmx.dll
 0001:0000ee6c       mxCreateDoubleMatrix_730   000000018000fe6c f   libmx:libmx.dll
 0001:0000ee72       mxGetString_730            000000018000fe72 f   libmx:libmx.dll
 0001:0000ee78       mxIsChar                   000000018000fe78 f   libmx:libmx.dll
 0001:0000ee7e       mxDestroyArray             000000018000fe7e f   libmx:libmx.dll
 0001:0000ee84       mxDuplicateArray           000000018000fe84 f   libmx:libmx.dll
 0001:0000ee8a       mxCreateDoubleScalar       000000018000fe8a f   libmx:libmx.dll
 0001:0000ee90       mxSetField_730             000000018000fe90 f   libmx:libmx.dll
 0001:0000ee96       mxCreateString             000000018000fe96 f   libmx:libmx.dll
 0001:0000ee9c       mxCreateStructMatrix_730   000000018000fe9c f   libmx:libmx.dll
 0001:0000eea2       mxCreateCellMatrix_730     000000018000fea2 f   libmx:libmx.dll
 0001:0000eea8       mxGetClassID               000000018000fea8 f   libmx:libmx.dll
 0001:0000eeae       mxIsNumeric                000000018000feae f   libmx:libmx.dll
 0001:0000eeb4       mxIsComplex                000000018000feb4 f   libmx:libmx.dll
 0001:0000eeba       mxGetN                     000000018000feba f   libmx:libmx.dll
 0001:0000eec0       mxGetM                     000000018000fec0 f   libmx:libmx.dll
 0001:0000eec6       mxCalloc                   000000018000fec6 f   libmx:libmx.dll
 0001:0000eecc       mexMakeArrayPersistent     000000018000fecc f   libmex:libmex.dll
 0001:0000eed2       mexUnlock                  000000018000fed2 f   libmex:libmex.dll
 0001:0000eed8       mexIsLocked                000000018000fed8 f   libmex:libmex.dll
 0001:0000eede       mexWarnMsgTxt              000000018000fede f   libmex:libmex.dll
 0001:0000eee4       mexCallMATLAB              000000018000fee4 f   libmex:libmex.dll
 0001:0000eeea       mexErrMsgTxt               000000018000feea f   libmex:libmex.dll
 0001:0000eef0       mexLock                    000000018000fef0 f   libmex:libmex.dll
 0001:0000eef6       utMalloc                   000000018000fef6 f   libut:libut.dll
 0001:0000eefc       utFree                     000000018000fefc f   libut:libut.dll
 0001:0000ef04       __GSHandlerCheckCommon     000000018000ff04 f   MSVCRT:gshandler.obj
 0001:0000ef68       __GSHandlerCheck           000000018000ff68 f   MSVCRT:gshandler.obj
 0001:0000ef86       strcmp                     000000018000ff86 f   MSVCRT:MSVCR100.dll
 0001:0000efa0       __security_check_cookie    000000018000ffa0 f   MSVCRT:amdsecgs.obj
 0001:0000efc0       memset                     000000018000ffc0 f   MSVCRT:MSVCR100.dll
 0001:0000efc6       free                       000000018000ffc6 f   MSVCRT:MSVCR100.dll
 0001:0000efcc       sprintf                    000000018000ffcc f   MSVCRT:MSVCR100.dll
 0001:0000efd2       malloc                     000000018000ffd2 f   MSVCRT:MSVCR100.dll
 0001:0000efd8       strlen                     000000018000ffd8 f   MSVCRT:MSVCR100.dll
 0001:0000efde       strcat                     000000018000ffde f   MSVCRT:MSVCR100.dll
 0001:0000efe4       memcpy                     000000018000ffe4 f   MSVCRT:MSVCR100.dll
 0001:0000efec       NtCurrentTeb               000000018000ffec f i MSVCRT:crtdll.obj
 0001:0000f058       _CRT_INIT                  0000000180010058 f   MSVCRT:crtdll.obj
 0001:0000f3f0       _DllMainCRTStartup         00000001800103f0 f   MSVCRT:crtdll.obj
 0001:0000f430       __report_gsfailure         0000000180010430 f   MSVCRT:gs_report.obj
 0001:0000f57c       __clean_type_info_names    000000018001057c f   MSVCRT:tncleanup.obj
 0001:0000f588       _onexit                    0000000180010588 f   MSVCRT:atonexit.obj
 0001:0000f638       atexit                     0000000180010638 f   MSVCRT:atonexit.obj
 0001:0000f650       _RTC_Initialize            0000000180010650 f   MSVCRT:_initsect_.obj
 0001:0000f688       _RTC_Terminate             0000000180010688 f   MSVCRT:_initsect_.obj
 0001:0000f6c0       _malloc_crt                00000001800106c0 f   MSVCRT:MSVCR100.dll
 0001:0000f6d0       _ValidateImageBase         00000001800106d0 f   MSVCRT:pesect.obj
 0001:0000f700       _FindPESection             0000000180010700 f   MSVCRT:pesect.obj
 0001:0000f750       _IsNonwritableInCurrentImage 0000000180010750 f   MSVCRT:pesect.obj
 0001:0000f792       _initterm                  0000000180010792 f   MSVCRT:MSVCR100.dll
 0001:0000f798       _initterm_e                0000000180010798 f   MSVCRT:MSVCR100.dll
 0001:0000f79e       _encoded_null              000000018001079e f   MSVCRT:MSVCR100.dll
 0001:0000f7a4       _amsg_exit                 00000001800107a4 f   MSVCRT:MSVCR100.dll
 0001:0000f7aa       __C_specific_handler       00000001800107aa f   MSVCRT:MSVCR100.dll
 0001:0000f7b0       __CppXcptFilter            00000001800107b0 f   MSVCRT:MSVCR100.dll
 0001:0000f7b8       DllMain                    00000001800107b8 f   MSVCRT:dllmain.obj
 0001:0000f7dc       __security_init_cookie     00000001800107dc f   MSVCRT:gs_support.obj
 0001:0000f890       __crt_debugger_hook        0000000180010890 f   MSVCRT:MSVCR100.dll
 0001:0000f896       __clean_type_info_names_internal 0000000180010896 f   MSVCRT:MSVCR100.dll
 0001:0000f89c       _unlock                    000000018001089c f   MSVCRT:MSVCR100.dll
 0001:0000f8a2       __dllonexit                00000001800108a2 f   MSVCRT:MSVCR100.dll
 0001:0000f8a8       _lock                      00000001800108a8 f   MSVCRT:MSVCR100.dll
 0001:0000f8ae       EncodePointer              00000001800108ae f   kernel32:KERNEL32.dll
 0001:0000f8b4       DecodePointer              00000001800108b4 f   kernel32:KERNEL32.dll
 0001:0000f8ba       Sleep                      00000001800108ba f   kernel32:KERNEL32.dll
 0001:0000f8c0       TerminateProcess           00000001800108c0 f   kernel32:KERNEL32.dll
 0001:0000f8c6       GetCurrentProcess          00000001800108c6 f   kernel32:KERNEL32.dll
 0001:0000f8cc       UnhandledExceptionFilter   00000001800108cc f   kernel32:KERNEL32.dll
 0001:0000f8d2       SetUnhandledExceptionFilter 00000001800108d2 f   kernel32:KERNEL32.dll
 0001:0000f8d8       IsDebuggerPresent          00000001800108d8 f   kernel32:KERNEL32.dll
 0001:0000f8de       RtlVirtualUnwind           00000001800108de f   kernel32:KERNEL32.dll
 0001:0000f8e4       RtlLookupFunctionEntry     00000001800108e4 f   kernel32:KERNEL32.dll
 0001:0000f8ea       RtlCaptureContext          00000001800108ea f   kernel32:KERNEL32.dll
 0001:0000f8f0       DisableThreadLibraryCalls  00000001800108f0 f   kernel32:KERNEL32.dll
 0001:0000f8f6       QueryPerformanceCounter    00000001800108f6 f   kernel32:KERNEL32.dll
 0001:0000f8fc       GetTickCount               00000001800108fc f   kernel32:KERNEL32.dll
 0001:0000f902       GetCurrentThreadId         0000000180010902 f   kernel32:KERNEL32.dll
 0001:0000f908       GetCurrentProcessId        0000000180010908 f   kernel32:KERNEL32.dll
 0001:0000f90e       GetSystemTimeAsFileTime    000000018001090e f   kernel32:KERNEL32.dll
 0002:00000000       __imp_GetSystemTimeAsFileTime 0000000180011000     kernel32:KERNEL32.dll
 0002:00000008       __imp_GetCurrentProcessId  0000000180011008     kernel32:KERNEL32.dll
 0002:00000010       __imp_GetCurrentThreadId   0000000180011010     kernel32:KERNEL32.dll
 0002:00000018       __imp_GetTickCount         0000000180011018     kernel32:KERNEL32.dll
 0002:00000020       __imp_QueryPerformanceCounter 0000000180011020     kernel32:KERNEL32.dll
 0002:00000028       __imp_DisableThreadLibraryCalls 0000000180011028     kernel32:KERNEL32.dll
 0002:00000030       __imp_RtlCaptureContext    0000000180011030     kernel32:KERNEL32.dll
 0002:00000038       __imp_RtlLookupFunctionEntry 0000000180011038     kernel32:KERNEL32.dll
 0002:00000040       __imp_RtlVirtualUnwind     0000000180011040     kernel32:KERNEL32.dll
 0002:00000048       __imp_IsDebuggerPresent    0000000180011048     kernel32:KERNEL32.dll
 0002:00000050       __imp_SetUnhandledExceptionFilter 0000000180011050     kernel32:KERNEL32.dll
 0002:00000058       __imp_UnhandledExceptionFilter 0000000180011058     kernel32:KERNEL32.dll
 0002:00000060       __imp_GetCurrentProcess    0000000180011060     kernel32:KERNEL32.dll
 0002:00000068       __imp_TerminateProcess     0000000180011068     kernel32:KERNEL32.dll
 0002:00000070       __imp_Sleep                0000000180011070     kernel32:KERNEL32.dll
 0002:00000078       __imp_DecodePointer        0000000180011078     kernel32:KERNEL32.dll
 0002:00000080       __imp_EncodePointer        0000000180011080     kernel32:KERNEL32.dll
 0002:00000088       \177KERNEL32_NULL_THUNK_DATA 0000000180011088     kernel32:KERNEL32.dll
 0002:00000090       __imp__onexit              0000000180011090     MSVCRT:MSVCR100.dll
 0002:00000098       __imp__lock                0000000180011098     MSVCRT:MSVCR100.dll
 0002:000000a0       __imp___dllonexit          00000001800110a0     MSVCRT:MSVCR100.dll
 0002:000000a8       __imp__unlock              00000001800110a8     MSVCRT:MSVCR100.dll
 0002:000000b0       __imp___clean_type_info_names_internal 00000001800110b0     MSVCRT:MSVCR100.dll
 0002:000000b8       __imp___crt_debugger_hook  00000001800110b8     MSVCRT:MSVCR100.dll
 0002:000000c0       __imp___CppXcptFilter      00000001800110c0     MSVCRT:MSVCR100.dll
 0002:000000c8       __imp___C_specific_handler 00000001800110c8     MSVCRT:MSVCR100.dll
 0002:000000d0       __imp__amsg_exit           00000001800110d0     MSVCRT:MSVCR100.dll
 0002:000000d8       __imp__encoded_null        00000001800110d8     MSVCRT:MSVCR100.dll
 0002:000000e0       __imp__initterm_e          00000001800110e0     MSVCRT:MSVCR100.dll
 0002:000000e8       __imp__initterm            00000001800110e8     MSVCRT:MSVCR100.dll
 0002:000000f0       __imp__malloc_crt          00000001800110f0     MSVCRT:MSVCR100.dll
 0002:000000f8       __imp_memcpy               00000001800110f8     MSVCRT:MSVCR100.dll
 0002:00000100       __imp_strcat               0000000180011100     MSVCRT:MSVCR100.dll
 0002:00000108       __imp_strlen               0000000180011108     MSVCRT:MSVCR100.dll
 0002:00000110       __imp_malloc               0000000180011110     MSVCRT:MSVCR100.dll
 0002:00000118       __imp_sprintf              0000000180011118     MSVCRT:MSVCR100.dll
 0002:00000120       __imp_free                 0000000180011120     MSVCRT:MSVCR100.dll
 0002:00000128       __imp_memset               0000000180011128     MSVCRT:MSVCR100.dll
 0002:00000130       __imp_strcmp               0000000180011130     MSVCRT:MSVCR100.dll
 0002:00000138       \177MSVCR100_NULL_THUNK_DATA 0000000180011138     MSVCRT:MSVCR100.dll
 0002:00000140       __imp_mexLock              0000000180011140     libmex:libmex.dll
 0002:00000148       __imp_mexErrMsgTxt         0000000180011148     libmex:libmex.dll
 0002:00000150       __imp_mexCallMATLAB        0000000180011150     libmex:libmex.dll
 0002:00000158       __imp_mexWarnMsgTxt        0000000180011158     libmex:libmex.dll
 0002:00000160       __imp_mexIsLocked          0000000180011160     libmex:libmex.dll
 0002:00000168       __imp_mexUnlock            0000000180011168     libmex:libmex.dll
 0002:00000170       __imp_mexMakeArrayPersistent 0000000180011170     libmex:libmex.dll
 0002:00000178       \177libmex_NULL_THUNK_DATA 0000000180011178     libmex:libmex.dll
 0002:00000180       __imp_mxCalloc             0000000180011180     libmx:libmx.dll
 0002:00000188       __imp_mxGetM               0000000180011188     libmx:libmx.dll
 0002:00000190       __imp_mxGetN               0000000180011190     libmx:libmx.dll
 0002:00000198       __imp_mxIsComplex          0000000180011198     libmx:libmx.dll
 0002:000001a0       __imp_mxIsNumeric          00000001800111a0     libmx:libmx.dll
 0002:000001a8       __imp_mxGetClassID         00000001800111a8     libmx:libmx.dll
 0002:000001b0       __imp_mxCreateCellMatrix_730 00000001800111b0     libmx:libmx.dll
 0002:000001b8       __imp_mxCreateStructMatrix_730 00000001800111b8     libmx:libmx.dll
 0002:000001c0       __imp_mxCreateString       00000001800111c0     libmx:libmx.dll
 0002:000001c8       __imp_mxSetField_730       00000001800111c8     libmx:libmx.dll
 0002:000001d0       __imp_mxCreateDoubleScalar 00000001800111d0     libmx:libmx.dll
 0002:000001d8       __imp_mxDuplicateArray     00000001800111d8     libmx:libmx.dll
 0002:000001e0       __imp_mxDestroyArray       00000001800111e0     libmx:libmx.dll
 0002:000001e8       __imp_mxIsChar             00000001800111e8     libmx:libmx.dll
 0002:000001f0       __imp_mxGetString_730      00000001800111f0     libmx:libmx.dll
 0002:000001f8       __imp_mxCreateDoubleMatrix_730 00000001800111f8     libmx:libmx.dll
 0002:00000200       __imp_mxGetPr              0000000180011200     libmx:libmx.dll
 0002:00000208       __imp_mxGetScalar          0000000180011208     libmx:libmx.dll
 0002:00000210       \177libmx_NULL_THUNK_DATA  0000000180011210     libmx:libmx.dll
 0002:00000218       __imp_utMalloc             0000000180011218     libut:libut.dll
 0002:00000220       __imp_utFree               0000000180011220     libut:libut.dll
 0002:00000228       \177libut_NULL_THUNK_DATA  0000000180011228     libut:libut.dll
 0002:00000230       __imp_call_sf_machine_global_method_dispatcher 0000000180011230     sf_runtime:sf_runtime.dll
 0002:00000238       __imp_callMdlMethodAndReportError 0000000180011238     sf_runtime:sf_runtime.dll
 0002:00000240       __imp_sf_debug_api         0000000180011240     sf_runtime:sf_runtime.dll
 0002:00000248       __imp_sf_debug_create_debug_instance_struct 0000000180011248     sf_runtime:sf_runtime.dll
 0002:00000250       __imp_sf_debug_terminate   0000000180011250     sf_runtime:sf_runtime.dll
 0002:00000258       __imp_sf_clear_rtw_identifier 0000000180011258     sf_runtime:sf_runtime.dll
 0002:00000260       __imp_sf_debug_read_before_write_check 0000000180011260     sf_runtime:sf_runtime.dll
 0002:00000268       __imp_sf_debug_eml_data_array_bounds_error_check 0000000180011268     sf_runtime:sf_runtime.dll
 0002:00000270       __imp_cv_eval_point        0000000180011270     sf_runtime:sf_runtime.dll
 0002:00000278       __imp_sf_debug_symbol_scope_push_eml 0000000180011278     sf_runtime:sf_runtime.dll
 0002:00000280       __imp_sf_debug_symbol_scope_add_eml_importable 0000000180011280     sf_runtime:sf_runtime.dll
 0002:00000288       __imp_cv_eval_saturation   0000000180011288     sf_runtime:sf_runtime.dll
 0002:00000290       __imp_cv_eml_eval          0000000180011290     sf_runtime:sf_runtime.dll
 0002:00000298       __imp_sf_debug_data_range_error_wrapper_min_max 0000000180011298     sf_runtime:sf_runtime.dll
 0002:000002a0       __imp_sf_debug_data_range_wrapper 00000001800112a0     sf_runtime:sf_runtime.dll
 0002:000002a8       __imp_sf_debug_symbol_scope_pop 00000001800112a8     sf_runtime:sf_runtime.dll
 0002:000002b0       __imp_sf_get_time          00000001800112b0     sf_runtime:sf_runtime.dll
 0002:000002b8       __imp_sf_debug_check_for_state_inconsistency 00000001800112b8     sf_runtime:sf_runtime.dll
 0002:000002c0       __imp_sf_debug_initialize_chart 00000001800112c0     sf_runtime:sf_runtime.dll
 0002:000002c8       __imp_sf_debug_set_chart_disable_implicit_casting 00000001800112c8     sf_runtime:sf_runtime.dll
 0002:000002d0       __imp_sf_debug_set_chart_event_thresholds 00000001800112d0     sf_runtime:sf_runtime.dll
 0002:000002d8       __imp_sf_debug_set_chart_data_props 00000001800112d8     sf_runtime:sf_runtime.dll
 0002:000002e0       __imp_sf_debug_set_chart_state_info 00000001800112e0     sf_runtime:sf_runtime.dll
 0002:000002e8       __imp_sf_debug_set_chart_substate_count 00000001800112e8     sf_runtime:sf_runtime.dll
 0002:000002f0       __imp_sf_debug_set_chart_decomposition 00000001800112f0     sf_runtime:sf_runtime.dll
 0002:000002f8       __imp_sf_debug_set_chart_substate_index 00000001800112f8     sf_runtime:sf_runtime.dll
 0002:00000300       __imp_sf_mex_error_direct_call 0000000180011300     sf_runtime:sf_runtime.dll
 0002:00000308       __imp_sf_debug_symbol_scope_push 0000000180011308     sf_runtime:sf_runtime.dll
 0002:00000310       __imp_sf_clear_error_manager_info 0000000180011310     sf_runtime:sf_runtime.dll
 0002:00000318       __imp_sf_debug_set_chart_state_substate_count 0000000180011318     sf_runtime:sf_runtime.dll
 0002:00000320       __imp_sf_debug_cv_init_chart 0000000180011320     sf_runtime:sf_runtime.dll
 0002:00000328       __imp_sf_debug_cv_init_state 0000000180011328     sf_runtime:sf_runtime.dll
 0002:00000330       __imp_sf_debug_cv_init_trans 0000000180011330     sf_runtime:sf_runtime.dll
 0002:00000338       __imp_cv_eml_init_script   0000000180011338     sf_runtime:sf_runtime.dll
 0002:00000340       __imp_cv_eml_init_if       0000000180011340     sf_runtime:sf_runtime.dll
 0002:00000348       __imp_cv_eml_init_saturation 0000000180011348     sf_runtime:sf_runtime.dll
 0002:00000350       __imp_cv_eml_init_mcdc     0000000180011350     sf_runtime:sf_runtime.dll
 0002:00000358       __imp_sf_debug_set_chart_data_compiled_props 0000000180011358     sf_runtime:sf_runtime.dll
 0002:00000360       __imp_sf_debug_set_instance_data_value_ptr 0000000180011360     sf_runtime:sf_runtime.dll
 0002:00000368       __imp_sf_debug_reset_current_state_configuration 0000000180011368     sf_runtime:sf_runtime.dll
 0002:00000370       __imp_sim_mode_is_rtw_gen  0000000180011370     sf_runtime:sf_runtime.dll
 0002:00000378       __imp_sim_mode_is_external 0000000180011378     sf_runtime:sf_runtime.dll
 0002:00000380       __imp_sf_is_chart_inlinable 0000000180011380     sf_runtime:sf_runtime.dll
 0002:00000388       __imp_sf_rtw_info_uint_prop 0000000180011388     sf_runtime:sf_runtime.dll
 0002:00000390       __imp_sf_update_buildInfo  0000000180011390     sf_runtime:sf_runtime.dll
 0002:00000398       __imp_sf_mark_chart_expressionable_inputs 0000000180011398     sf_runtime:sf_runtime.dll
 0002:000003a0       __imp_sf_mark_chart_reusable_outputs 00000001800113a0     sf_runtime:sf_runtime.dll
 0002:000003a8       __imp_sf_set_rtw_dwork_info 00000001800113a8     sf_runtime:sf_runtime.dll
 0002:000003b0       __imp_sf_mex_duplicatearraysafe 00000001800113b0     sf_runtime:sf_runtime.dll
 0002:000003b8       __imp_sf_mex_import        00000001800113b8     sf_runtime:sf_runtime.dll
 0002:000003c0       __imp_sf_debug_get_animation 00000001800113c0     sf_runtime:sf_runtime.dll
 0002:000003c8       __imp_sf_debug_set_animation 00000001800113c8     sf_runtime:sf_runtime.dll
 0002:000003d0       __imp_sf_debug_set_honor_breakpoints 00000001800113d0     sf_runtime:sf_runtime.dll
 0002:000003d8       __imp_sf_debug_call        00000001800113d8     sf_runtime:sf_runtime.dll
 0002:000003e0       __imp_sf_debug_animate     00000001800113e0     sf_runtime:sf_runtime.dll
 0002:000003e8       __imp_sf_mex_dup           00000001800113e8     sf_runtime:sf_runtime.dll
 0002:000003f0       __imp_sf_mex_getcell       00000001800113f0     sf_runtime:sf_runtime.dll
 0002:000003f8       __imp_sf_mex_destroy       00000001800113f8     sf_runtime:sf_runtime.dll
 0002:00000400       __imp_sf_mex_decode_encoded_mx_struct_array 0000000180011400     sf_runtime:sf_runtime.dll
 0002:00000408       __imp_sf_mex_createcellmatrix 0000000180011408     sf_runtime:sf_runtime.dll
 0002:00000410       __imp_sf_mex_setcell       0000000180011410     sf_runtime:sf_runtime.dll
 0002:00000418       __imp_sf_mex_call_matlab   0000000180011418     sf_runtime:sf_runtime.dll
 0002:00000420       __imp_sf_mex_error_message 0000000180011420     sf_runtime:sf_runtime.dll
 0002:00000428       __imp_sf_mex_create        0000000180011428     sf_runtime:sf_runtime.dll
 0002:00000430       __imp_sf_mex_assign        0000000180011430     sf_runtime:sf_runtime.dll
 0002:00000438       __imp_sf_load_rtw_optimization_info 0000000180011438     sf_runtime:sf_runtime.dll
 0002:00000440       __imp_sf_debug_initialize_machine 0000000180011440     sf_runtime:sf_runtime.dll
 0002:00000448       __imp_sf_debug_set_machine_event_thresholds 0000000180011448     sf_runtime:sf_runtime.dll
 0002:00000450       __imp_sf_debug_set_machine_data_thresholds 0000000180011450     sf_runtime:sf_runtime.dll
 0002:00000458       \177sf_runtime_NULL_THUNK_DATA 0000000180011458     sf_runtime:sf_runtime.dll
 0002:00000460       __xc_a                     0000000180011460     MSVCRT:cinitexe.obj
 0002:00000468       __xc_z                     0000000180011468     MSVCRT:cinitexe.obj
 0002:00000470       __xi_a                     0000000180011470     MSVCRT:cinitexe.obj
 0002:00000480       __xi_z                     0000000180011480     MSVCRT:cinitexe.obj
 0002:00000490       __real@41a3137a1c000000    0000000180011490     PWM_controller_sfun.obj
 0002:00000498       __real@41d8b8f9a3000000    0000000180011498     PWM_controller_sfun.obj
 0002:000004a0       __real@41c2f98b28800000    00000001800114a0     PWM_controller_sfun.obj
 0002:000004a8       __real@41ba8499d2000000    00000001800114a8     PWM_controller_sfun.obj
 0002:000004b0       __real@41dc1e5162000000    00000001800114b0     PWM_controller_sfun.obj
 0002:000004b8       __real@41ce5496d5000000    00000001800114b8     PWM_controller_sfun.obj
 0002:000004c0       __real@41d487ad9c400000    00000001800114c0     PWM_controller_sfun.obj
 0002:000004c8       __real@41ceb6789e000000    00000001800114c8     PWM_controller_sfun.obj
 0002:000004d0       __real@419b48931c000000    00000001800114d0     PWM_controller_sfun.obj
 0002:000004d8       __real@4189b0f240000000    00000001800114d8     PWM_controller_sfun.obj
 0002:000004e0       __real@41e07eb9a3400000    00000001800114e0     PWM_controller_sfun.obj
 0002:000004e8       __real@41eeb2588f400000    00000001800114e8     PWM_controller_sfun.obj
 0002:000004f0       __real@41856be960000000    00000001800114f0     PWM_controller_sfun.obj
 0002:000004f8       __real@41a11c6e24000000    00000001800114f8     PWM_controller_sfun.obj
 0002:00000500       __real@41c7f2f88b000000    0000000180011500     PWM_controller_sfun.obj
 0002:00000508       __real@41d5bb2c4b400000    0000000180011508     PWM_controller_sfun.obj
 0002:00000510       __real@41b33a3fd6000000    0000000180011510     c3_PWM_controller.obj
 0002:00000518       __real@41e1f58d8ee00000    0000000180011518     c3_PWM_controller.obj
 0002:00000520       __real@41a190744c000000    0000000180011520     c3_PWM_controller.obj
 0002:00000528       __real@41cdc710e9000000    0000000180011528     c3_PWM_controller.obj
 0002:00000530       __real@4014000000000000    0000000180011530     c3_PWM_controller.obj
 0002:00000538       __real@401c000000000000    0000000180011538     c3_PWM_controller.obj
 0002:00000540       __real@4008000000000000    0000000180011540     c3_PWM_controller.obj
 0002:00000548       __real@3ff0000000000000    0000000180011548     c3_PWM_controller.obj
 0002:00000550       __real@0000000000000000    0000000180011550     c3_PWM_controller.obj
 0002:00000558       __real@406fe00000000000    0000000180011558     c3_PWM_controller.obj
 0002:00000560       DYNAMIC_DIMENSION_DEF      0000000180011560     PWM_controller_sfun_registry.obj
 0002:00000580       _ssBadLevel2InputAccessMsg 0000000180011580     PWM_controller_sfun_registry.obj
 0002:00000710       _ssBadLevel2DirectFeedMsg  0000000180011710     PWM_controller_sfun_registry.obj
 0002:00000850       _ssBadLevel2DirectFeedSolutionMsg 0000000180011850     PWM_controller_sfun_registry.obj
 0002:000008c0       _ssBadLevel2ZeroDirectFeedMsg 00000001800118c0     PWM_controller_sfun_registry.obj
 0002:00000a00       _ssBadLevel2ZeroDirectFeedMsg2 0000000180011a00     PWM_controller_sfun_registry.obj
 0002:00000ae8       __real@bff0000000000000    0000000180011ae8     PWM_controller_sfun_registry.obj
 0002:00000af0       __real@41602cbca0000000    0000000180011af0     PWM_controller_sfun_registry.obj
 0002:00000af8       _pRawDllMain               0000000180011af8     MSVCRT:crtdll.obj
 0002:00000af8       _pDefaultRawDllMain        0000000180011af8     MSVCRT:crtdll.obj
 0002:00000b10       ?ProcessDetach@NativeDll@<CrtImplementationDetails>@@0IB 0000000180011b10     MSVCRT:tncleanup.obj
 0002:00000b14       ?ProcessAttach@NativeDll@<CrtImplementationDetails>@@0IB 0000000180011b14     MSVCRT:tncleanup.obj
 0002:00000b18       ?ThreadAttach@NativeDll@<CrtImplementationDetails>@@0IB 0000000180011b18     MSVCRT:tncleanup.obj
 0002:00000b1c       ?ThreadDetach@NativeDll@<CrtImplementationDetails>@@0IB 0000000180011b1c     MSVCRT:tncleanup.obj
 0002:00000b20       ?ProcessVerifier@NativeDll@<CrtImplementationDetails>@@0IB 0000000180011b20     MSVCRT:tncleanup.obj
 0002:00000b28       __rtc_iaa                  0000000180011b28     MSVCRT:_initsect_.obj
 0002:00000b30       __rtc_izz                  0000000180011b30     MSVCRT:_initsect_.obj
 0002:00000b38       __rtc_taa                  0000000180011b38     MSVCRT:_initsect_.obj
 0002:00000b40       __rtc_tzz                  0000000180011b40     MSVCRT:_initsect_.obj
 0002:000011d8       __IMPORT_DESCRIPTOR_sf_runtime 00000001800121d8     sf_runtime:sf_runtime.dll
 0002:000011ec       __IMPORT_DESCRIPTOR_libmx  00000001800121ec     libmx:libmx.dll
 0002:00001200       __IMPORT_DESCRIPTOR_libmex 0000000180012200     libmex:libmex.dll
 0002:00001214       __IMPORT_DESCRIPTOR_libut  0000000180012214     libut:libut.dll
 0002:00001228       __IMPORT_DESCRIPTOR_MSVCR100 0000000180012228     MSVCRT:MSVCR100.dll
 0002:0000123c       __IMPORT_DESCRIPTOR_KERNEL32 000000018001223c     kernel32:KERNEL32.dll
 0002:00001250       __NULL_IMPORT_DESCRIPTOR   0000000180012250     sf_runtime:sf_runtime.dll
 0003:00000df0       DYNAMIC_DIMENSION          0000000180014df0     PWM_controller_sfun_registry.obj
 0003:000019f8       __security_cookie          00000001800159f8     MSVCRT:gs_cookie.obj
 0003:00001a00       __security_cookie_complement 0000000180015a00     MSVCRT:gs_cookie.obj
 0003:00001a08       _fltused                   0000000180015a08     MSVCRT:dllsupp.obj
 0003:00001a10       __native_dllmain_reason    0000000180015a10     MSVCRT:natstart.obj
 0003:00001a14       __native_vcclrit_reason    0000000180015a14     MSVCRT:natstart.obj
 0003:00001b08       sfGlobalDebugInstanceStruct 0000000180015b08     PWM_controller_sfun_registry.obj
 0003:00002090       ?__type_info_root_node@@3U__type_info_node@@A 0000000180016090     MSVCRT:tncleanup.obj
 0003:000020a0       _PWM_controllerMachineNumber_ 00000001800160a0     <common>
 0003:000020a4       __native_startup_state     00000001800160a4     <common>
 0003:000020a8       __native_startup_lock      00000001800160a8     <common>
 0003:000020b0       __onexitend                00000001800160b0     <common>
 0003:000020b8       __onexitbegin              00000001800160b8     <common>
 0003:000020c0       __dyn_tls_init_callback    00000001800160c0     <common>

 entry point at        0001:0000f3f0

 Static symbols

 0001:00001570       get_sim_state_c3_PWM_controller 0000000180002570 f   c3_PWM_controller.obj
 0001:00001840       sf_get_sim_state_info_c3_PWM_controller 0000000180002840 f   c3_PWM_controller.obj
 0001:00001a10       set_sim_state_c3_PWM_controller 0000000180002a10 f   c3_PWM_controller.obj
 0001:00001ba0       c3_update_debugger_state_c3_PWM_controller 0000000180002ba0 f   c3_PWM_controller.obj
 0001:000021a0       c3_emlrt_marshallIn        00000001800031a0 f   c3_PWM_controller.obj
 0001:00002200       c3_b_emlrt_marshallIn      0000000180003200 f   c3_PWM_controller.obj
 0001:00002290       c3_e_emlrt_marshallIn      0000000180003290 f   c3_PWM_controller.obj
 0001:000022f0       c3_f_emlrt_marshallIn      00000001800032f0 f   c3_PWM_controller.obj
 0001:00002380       c3_g_emlrt_marshallIn      0000000180003380 f   c3_PWM_controller.obj
 0001:000023f0       c3_h_emlrt_marshallIn      00000001800033f0 f   c3_PWM_controller.obj
 0001:00002480       c3_i_emlrt_marshallIn      0000000180003480 f   c3_PWM_controller.obj
 0001:00002500       c3_j_emlrt_marshallIn      0000000180003500 f   c3_PWM_controller.obj
 0001:000025d0       mdlProcessParameters_c3_PWM_controller 00000001800035d0 f   c3_PWM_controller.obj
 0001:000026b0       initialize_params_c3_PWM_controller 00000001800036b0 f   c3_PWM_controller.obj
 0001:000026c0       mdlSetWorkWidths_c3_PWM_controller 00000001800036c0 f   c3_PWM_controller.obj
 0001:00002c10       sf_get_instance_specialization 0000000180003c10 f   c3_PWM_controller.obj
 0001:00002c20       mdlStart_c3_PWM_controller 0000000180003c20 f   c3_PWM_controller.obj
 0001:00002e50       init_dsm_address_info      0000000180003e50 f   c3_PWM_controller.obj
 0001:00002e60       chart_debug_initialization 0000000180003e60 f   c3_PWM_controller.obj
 0001:000047f0       init_script_number_translation 00000001800057f0 f   c3_PWM_controller.obj
 0001:00004810       c3_sf_marshallOut          0000000180005810 f   c3_PWM_controller.obj
 0001:000048c0       c3_sf_marshallIn           00000001800058c0 f   c3_PWM_controller.obj
 0001:00004960       c3_d_sf_marshallOut        0000000180005960 f   c3_PWM_controller.obj
 0001:00004a10       c3_e_sf_marshallOut        0000000180005a10 f   c3_PWM_controller.obj
 0001:00004ac0       c3_e_sf_marshallIn         0000000180005ac0 f   c3_PWM_controller.obj
 0001:00004b60       c3_f_sf_marshallOut        0000000180005b60 f   c3_PWM_controller.obj
 0001:00004c10       sf_opaque_initialize_c3_PWM_controller 0000000180005c10 f   c3_PWM_controller.obj
 0001:00004c50       initialize_c3_PWM_controller 0000000180005c50 f   c3_PWM_controller.obj
 0001:000050a0       sf_opaque_enable_c3_PWM_controller 00000001800060a0 f   c3_PWM_controller.obj
 0001:000050c0       enable_c3_PWM_controller   00000001800060c0 f   c3_PWM_controller.obj
 0001:000050f0       sf_opaque_disable_c3_PWM_controller 00000001800060f0 f   c3_PWM_controller.obj
 0001:00005110       disable_c3_PWM_controller  0000000180006110 f   c3_PWM_controller.obj
 0001:00005140       sf_opaque_gateway_c3_PWM_controller 0000000180006140 f   c3_PWM_controller.obj
 0001:00005160       sf_gateway_c3_PWM_controller 0000000180006160 f   c3_PWM_controller.obj
 0001:000054d0       c3_set_sim_state_side_effects_c3_PWM_controller 00000001800064d0 f   c3_PWM_controller.obj
 0001:000055b0       c3_chartstep_c3_PWM_controller 00000001800065b0 f   c3_PWM_controller.obj
 0001:00008330       c3_b_sf_marshallOut        0000000180009330 f   c3_PWM_controller.obj
 0001:000083e0       c3_b_sf_marshallIn         00000001800093e0 f   c3_PWM_controller.obj
 0001:00008480       c3_c_emlrt_marshallIn      0000000180009480 f   c3_PWM_controller.obj
 0001:00008510       c3_updateDataWrittenToVector 0000000180009510 f   c3_PWM_controller.obj
 0001:00008590       c3_errorIfDataNotWrittenToFcn 0000000180009590 f   c3_PWM_controller.obj
 0001:00008650       sf_opaque_get_sim_state_c3_PWM_controller 0000000180009650 f   c3_PWM_controller.obj
 0001:00008670       sf_opaque_set_sim_state_c3_PWM_controller 0000000180009670 f   c3_PWM_controller.obj
 0001:000086a0       sf_opaque_terminate_c3_PWM_controller 00000001800096a0 f   c3_PWM_controller.obj
 0001:00008740       finalize_c3_PWM_controller 0000000180009740 f   c3_PWM_controller.obj
 0001:00008770       sf_opaque_init_subchart_simstructs 0000000180009770 f   c3_PWM_controller.obj
 0001:00008790       initSimStructsc3_PWM_controller 0000000180009790 f   c3_PWM_controller.obj
 0001:000087a0       mdlRTW_c3_PWM_controller   00000001800097a0 f   c3_PWM_controller.obj
 0001:00009110       getChartInfoFromSimStruct  000000018000a110 f   PWM_controller_sfun_registry.obj
 0001:0000a7b0       _ssFatalError              000000018000b7b0 f   PWM_controller_sfun_registry.obj
 0001:0000d860       ProcessMexSfunctionCmdLineCall 000000018000e860 f   PWM_controller_sfun_registry.obj
 0001:0000d990       sf_debug_api_wrapper       000000018000e990 f   PWM_controller_sfun_registry.obj
 0001:0000d9e0       mdlStart                   000000018000e9e0 f   PWM_controller_sfun_registry.obj
 0001:0000da10       mdl_start_processing       000000018000ea10 f   PWM_controller_sfun_registry.obj
 0001:0000daa0       mdlTerminate               000000018000eaa0 f   PWM_controller_sfun_registry.obj
 0001:0000dad0       mdl_terminate_processing   000000018000ead0 f   PWM_controller_sfun_registry.obj
 0001:0000db50       mdlInitializeSampleTimes   000000018000eb50 f   PWM_controller_sfun_registry.obj
 0001:0000db80       mdlZeroCrossings           000000018000eb80 f   PWM_controller_sfun_registry.obj
 0001:0000dbb0       mdl_zeroCrossings_processing 000000018000ebb0 f   PWM_controller_sfun_registry.obj
 0001:0000dbf0       mdlDerivatives             000000018000ebf0 f   PWM_controller_sfun_registry.obj
 0001:0000dc20       mdl_derivatives_processing 000000018000ec20 f   PWM_controller_sfun_registry.obj
 0001:0000dc70       mdlInitializeConditions    000000018000ec70 f   PWM_controller_sfun_registry.obj
 0001:0000dca0       mdl_initialize_conditions_processing 000000018000eca0 f   PWM_controller_sfun_registry.obj
 0001:0000dcf0       mdlEnable                  000000018000ecf0 f   PWM_controller_sfun_registry.obj
 0001:0000dd20       mdl_enable_processing      000000018000ed20 f   PWM_controller_sfun_registry.obj
 0001:0000dd60       mdlDisable                 000000018000ed60 f   PWM_controller_sfun_registry.obj
 0001:0000dd90       mdl_disable_processing     000000018000ed90 f   PWM_controller_sfun_registry.obj
 0001:0000ddd0       mdlOutputs                 000000018000edd0 f   PWM_controller_sfun_registry.obj
 0001:0000de00       mdl_outputs_processing     000000018000ee00 f   PWM_controller_sfun_registry.obj
 0001:0000dee0       mdl_outputs_continuous_legacy 000000018000eee0 f   PWM_controller_sfun_registry.obj
 0001:0000dfd0       mdlGetTimeOfNextVarHit     000000018000efd0 f   PWM_controller_sfun_registry.obj
 0001:0000e020       _ProcessMexSfunctionCmdLineCall 000000018000f020 f   PWM_controller_sfun_registry.obj
 0001:0000e770       mdlSetWorkWidths           000000018000f770 f   PWM_controller_sfun_registry.obj
 0001:0000e7a0       mdlProcessParameters       000000018000f7a0 f   PWM_controller_sfun_registry.obj
 0001:0000e7d0       mdlInitializeSizes         000000018000f7d0 f   PWM_controller_sfun_registry.obj
 0001:0000e800       mdlExtModeExec             000000018000f800 f   PWM_controller_sfun_registry.obj
 0001:0000e830       mdl_ext_mode_exec_processing 000000018000f830 f   PWM_controller_sfun_registry.obj
 0001:0000e870       mdlRTW                     000000018000f870 f   PWM_controller_sfun_registry.obj
 0001:0000e8b0       _CreateSimStruct           000000018000f8b0 f   PWM_controller_sfun_registry.obj
 0001:0000ea40       _RegNumInputPortsCB        000000018000fa40 f   PWM_controller_sfun_registry.obj
 0001:0000eac0       _RegNumOutputPortsCB       000000018000fac0 f   PWM_controller_sfun_registry.obj
 0001:0000eff8       pre_c_init                 000000018000fff8 f   MSVCRT:crtdll.obj
 0001:0000f2b4       __DllMainCRTStartup        00000001800102b4 f   MSVCRT:crtdll.obj
 0001:0000f920       __DllMainCRTStartup$filt$0 0000000180010920 f   MSVCRT:crtdll.obj
 0001:0000f950       __DllMainCRTStartup$fin$1  0000000180010950 f   MSVCRT:crtdll.obj
 0001:0000f96a       _onexit$fin$0              000000018001096a f   MSVCRT:atonexit.obj
 0001:0000f990       _IsNonwritableInCurrentImage$filt$0 0000000180010990 f   MSVCRT:pesect.obj
