 PWM_controller_sfun

 Timestamp is 54b7fa76 (Thu Jan 15 09:35:50 2015)

 Preferred load address is 0000000180000000

 Start         Length     Name                   Class
 0001:00000000 00010384H .text                   CODE
 0001:00010390 00000092H .text$x                 CODE
 0002:00000000 00000480H .idata$5                DATA
 0002:00000480 00000008H .CRT$XCA                DATA
 0002:00000488 00000008H .CRT$XCZ                DATA
 0002:00000490 00000008H .CRT$XIA                DATA
 0002:00000498 00000008H .CRT$XIAA               DATA
 0002:000004a0 00000008H .CRT$XIZ                DATA
 0002:000004b0 00000694H .rdata                  DATA
 0002:00000b48 00000008H .rtc$IAA                DATA
 0002:00000b50 00000008H .rtc$IZZ                DATA
 0002:00000b58 00000008H .rtc$TAA                DATA
 0002:00000b60 00000008H .rtc$TZZ                DATA
 0002:00000b68 00000700H .xdata                  DATA
 0002:00001268 00000078H .idata$2                DATA
 0002:000012e0 00000014H .idata$3                DATA
 0002:000012f8 00000480H .idata$4                DATA
 0002:00001778 00000cd4H .idata$6                DATA
 0002:00002450 00000059H .edata                  DATA
 0003:00000000 00001be8H .data                   DATA
 0003:00001bf0 000006a8H .bss                    DATA
 0004:00000000 00000870H .pdata                  DATA

  Address         Publics by Value              Rva+Base               Lib:Object

 0000:00000000       ___safe_se_handler_table   0000000000000000     <absolute>
 0000:00000000       ___safe_se_handler_count   0000000000000000     <absolute>
 0000:00000000       __ImageBase                0000000180000000     <linker-defined>
 0001:00000000       PWM_controller_initializer 0000000180001000 f   PWM_controller_sfun.obj
 0001:00000010       PWM_controller_terminator  0000000180001010 f   PWM_controller_sfun.obj
 0001:00000020       sf_PWM_controller_method_dispatcher 0000000180001020 f   PWM_controller_sfun.obj
 0001:00000070       sf_PWM_controller_uses_exported_functions 0000000180001070 f   PWM_controller_sfun.obj
 0001:000000b0       sf_PWM_controller_process_check_sum_call 00000001800010b0 f   PWM_controller_sfun.obj
 0001:000004c0       sf_PWM_controller_autoinheritance_info 00000001800014c0 f   PWM_controller_sfun.obj
 0001:00000630       sf_PWM_controller_get_eml_resolved_functions_info 0000000180001630 f   PWM_controller_sfun.obj
 0001:00000760       sf_PWM_controller_third_party_uses_info 0000000180001760 f   PWM_controller_sfun.obj
 0001:000008b0       sf_PWM_controller_jit_fallback_info 00000001800018b0 f   PWM_controller_sfun.obj
 0001:00000a00       sf_PWM_controller_updateBuildInfo_args_info 0000000180001a00 f   PWM_controller_sfun.obj
 0001:00000b50       sf_PWM_controller_get_post_codegen_info 0000000180001b50 f   PWM_controller_sfun.obj
 0001:00000c20       PWM_controller_debug_initialize 0000000180001c20 f   PWM_controller_sfun.obj
 0001:00000ca0       PWM_controller_register_exported_symbols 0000000180001ca0 f   PWM_controller_sfun.obj
 0001:00000cb0       load_PWM_controller_optimization_info 0000000180001cb0 f   PWM_controller_sfun.obj
 0001:00000d00       unload_PWM_controller_optimization_info 0000000180001d00 f   PWM_controller_sfun.obj
 0001:00000d30       sf_c3_PWM_controller_get_eml_resolved_functions_info 0000000180001d30 f   c3_PWM_controller.obj
 0001:00000db0       sf_c3_PWM_controller_get_check_sum 0000000180001db0 f   c3_PWM_controller.obj
 0001:00000e30       sf_c3_PWM_controller_get_autoinheritance_info 0000000180001e30 f   c3_PWM_controller.obj
 0001:000016b0       sf_c3_PWM_controller_third_party_uses_info 00000001800026b0 f   c3_PWM_controller.obj
 0001:000016e0       sf_c3_PWM_controller_jit_fallback_info 00000001800026e0 f   c3_PWM_controller.obj
 0001:000017b0       sf_c3_PWM_controller_updateBuildInfo_args_info 00000001800027b0 f   c3_PWM_controller.obj
 0001:000017e0       sf_c3_PWM_controller_get_post_codegen_info 00000001800027e0 f   c3_PWM_controller.obj
 0001:000018b0       c3_PWM_controller_method_dispatcher 00000001800028b0 f   c3_PWM_controller.obj
 0001:00008d50       sf_process_check_sum_call  0000000180009d50 f   PWM_controller_sfun_registry.obj
 0001:00008da0       sf_process_machine_uses_exported_functions_call 0000000180009da0 f   PWM_controller_sfun_registry.obj
 0001:00008ef0       sf_process_autoinheritance_call 0000000180009ef0 f   PWM_controller_sfun_registry.obj
 0001:00009090       sf_process_get_third_party_uses_info_call 000000018000a090 f   PWM_controller_sfun_registry.obj
 0001:00009230       sf_process_get_jit_fallback_info_call 000000018000a230 f   PWM_controller_sfun_registry.obj
 0001:000093d0       sf_process_get_updateBuildInfo_args_info_call 000000018000a3d0 f   PWM_controller_sfun_registry.obj
 0001:00009570       sf_process_get_eml_resolved_functions_info_call 000000018000a570 f   PWM_controller_sfun_registry.obj
 0001:000096f0       sf_process_get_post_codegen_info 000000018000a6f0 f   PWM_controller_sfun_registry.obj
 0001:00009840       sf_mex_unlock_call         000000018000a840 f   PWM_controller_sfun_registry.obj
 0001:000098f0       sf_machine_global_initializer_called 000000018000a8f0 f   PWM_controller_sfun_registry.obj
 0001:00009920       sf_machine_global_method_dispatcher 000000018000a920 f   PWM_controller_sfun_registry.obj
 0001:00009980       sf_machine_global_terminator 000000018000a980 f   PWM_controller_sfun_registry.obj
 0001:000099d0       sf_register_machine_exported_symbols 000000018000a9d0 f   PWM_controller_sfun_registry.obj
 0001:000099f0       callCustomFcn              000000018000a9f0 f   PWM_controller_sfun_registry.obj
 0001:00009a00       sf_machine_global_initializer 000000018000aa00 f   PWM_controller_sfun_registry.obj
 0001:00009a80       mdlGetSimState             000000018000aa80 f   PWM_controller_sfun_registry.obj
 0001:00009b00       mdlSetSimState             000000018000ab00 f   PWM_controller_sfun_registry.obj
 0001:00009b40       _ssSetStateAbsTol          000000018000ab40 f   PWM_controller_sfun_registry.obj
 0001:00009c20       _ssGetAbsTol               000000018000ac20 f   PWM_controller_sfun_registry.obj
 0001:00009c90       _ssSetInputPortMatrixDimensions 000000018000ac90 f   PWM_controller_sfun_registry.obj
 0001:00009da0       _ssSetOutputPortMatrixDimensions 000000018000ada0 f   PWM_controller_sfun_registry.obj
 0001:00009eb0       _ssSetInputPortVectorDimension 000000018000aeb0 f   PWM_controller_sfun_registry.obj
 0001:00009f80       _ssSetOutputPortVectorDimension 000000018000af80 f   PWM_controller_sfun_registry.obj
 0001:0000a050       ssIsRunTimeParamTunable    000000018000b050 f   PWM_controller_sfun_registry.obj
 0001:0000a0c0       ssGetSFuncBlockHandle      000000018000b0c0 f   PWM_controller_sfun_registry.obj
 0001:0000a130       _ssGetCurrentInputPortWidth 000000018000b130 f   PWM_controller_sfun_registry.obj
 0001:0000a250       _ssGetCurrentOutputPortWidth 000000018000b250 f   PWM_controller_sfun_registry.obj
 0001:0000a370       _ssGetCallSystemNumFcnCallDestinations 000000018000b370 f   PWM_controller_sfun_registry.obj
 0001:0000a3e0       ssWarning                  000000018000b3e0 f   PWM_controller_sfun_registry.obj
 0001:0000a4f0       ssGetIsZeroCrossControlDisabled 000000018000b4f0 f   PWM_controller_sfun_registry.obj
 0001:0000a560       ssSetIsInputPortUsedForContZcSignal 000000018000b560 f   PWM_controller_sfun_registry.obj
 0001:0000a5d0       ssSetZcSignalIsZcElementDisc 000000018000b5d0 f   PWM_controller_sfun_registry.obj
 0001:0000a680       ssSetZcSignalName          000000018000b680 f   PWM_controller_sfun_registry.obj
 0001:0000a6f0       ssSetZcSignalWidth         000000018000b6f0 f   PWM_controller_sfun_registry.obj
 0001:0000a760       ssSetZcSignalZcEventType   000000018000b760 f   PWM_controller_sfun_registry.obj
 0001:0000a7d0       ssSetZcSignalType          000000018000b7d0 f   PWM_controller_sfun_registry.obj
 0001:0000a840       ssSetZcSignalZcTol         000000018000b840 f   PWM_controller_sfun_registry.obj
 0001:0000a8b0       ssSetZcSignalNeedsEventNotification 000000018000b8b0 f   PWM_controller_sfun_registry.obj
 0001:0000a920       ssCreateAndAddZcSignalInfo 000000018000b920 f   PWM_controller_sfun_registry.obj
 0001:0000a990       ssCloneAndAddZcSignalInfo  000000018000b990 f   PWM_controller_sfun_registry.obj
 0001:0000aa00       ssGetNumZcSignals          000000018000ba00 f   PWM_controller_sfun_registry.obj
 0001:0000aa70       ssGetZcSignalVector        000000018000ba70 f   PWM_controller_sfun_registry.obj
 0001:0000aae0       ssGetZcSignalZcEvents      000000018000bae0 f   PWM_controller_sfun_registry.obj
 0001:0000ab50       ssGetZcSignalName          000000018000bb50 f   PWM_controller_sfun_registry.obj
 0001:0000abc0       ssGetZcSignalWidth         000000018000bbc0 f   PWM_controller_sfun_registry.obj
 0001:0000ac30       ssGetZcSignalZcEventType   000000018000bc30 f   PWM_controller_sfun_registry.obj
 0001:0000aca0       ssGetZcSignalType          000000018000bca0 f   PWM_controller_sfun_registry.obj
 0001:0000ad10       ssGetZcSignalZcTol         000000018000bd10 f   PWM_controller_sfun_registry.obj
 0001:0000ad90       ssGetZcSignalNeedsEventNotification 000000018000bd90 f   PWM_controller_sfun_registry.obj
 0001:0000ae00       ssGetZcSignalIsZcElementDisc 000000018000be00 f   PWM_controller_sfun_registry.obj
 0001:0000aea0       ssGetIsInputPortElementContinuous 000000018000bea0 f   PWM_controller_sfun_registry.obj
 0001:0000af40       _ssGetInputPortSignalPtrsFcn 000000018000bf40 f   PWM_controller_sfun_registry.obj
 0001:0000b200       _ssGetInputPortSignalFcn   000000018000c200 f   PWM_controller_sfun_registry.obj
 0001:0000b420       _ssSetInputPortDirectFeedThroughFcn 000000018000c420 f   PWM_controller_sfun_registry.obj
 0001:0000b580       _ssSetInputPortReusableFcn 000000018000c580 f   PWM_controller_sfun_registry.obj
 0001:0000b670       _ssSetOutputPortReusableFcn 000000018000c670 f   PWM_controller_sfun_registry.obj
 0001:0000b750       ssGetDTypeIdFromMxArray    000000018000c750 f   PWM_controller_sfun_registry.obj
 0001:0000b870       ssWriteRTWStr              000000018000c870 f   PWM_controller_sfun_registry.obj
 0001:0000b8d0       ssWriteRTWMxVectParam      000000018000c8d0 f   PWM_controller_sfun_registry.obj
 0001:0000b930       ssWriteRTWMx2dMatParam     000000018000c930 f   PWM_controller_sfun_registry.obj
 0001:0000b9b0       ssWriteRTWNameValuePair    000000018000c9b0 f   PWM_controller_sfun_registry.obj
 0001:0000bea0       ssWriteRTWParameters       000000018000cea0 f   PWM_controller_sfun_registry.obj
 0001:0000c4a0       ssWriteRTWParamSettings    000000018000d4a0 f   PWM_controller_sfun_registry.obj
 0001:0000cb70       ssWriteRTWWorkVect         000000018000db70 f   PWM_controller_sfun_registry.obj
 0001:0000d070       mexFunction                000000018000e070 f   PWM_controller_sfun_registry.obj
 0001:0000f590       ProcessMexSfunctionEveryCall 0000000180010590 f   PWM_controller_sfun_registry.obj
 0001:0000f712       sf_debug_set_machine_data_thresholds 0000000180010712 f   sf_runtime:sf_runtime.dll
 0001:0000f718       sf_debug_set_machine_event_thresholds 0000000180010718 f   sf_runtime:sf_runtime.dll
 0001:0000f71e       sf_debug_initialize_machine 000000018001071e f   sf_runtime:sf_runtime.dll
 0001:0000f724       sf_load_rtw_optimization_info 0000000180010724 f   sf_runtime:sf_runtime.dll
 0001:0000f72a       sf_mex_assign              000000018001072a f   sf_runtime:sf_runtime.dll
 0001:0000f730       sf_mex_create              0000000180010730 f   sf_runtime:sf_runtime.dll
 0001:0000f736       sf_mex_error_message       0000000180010736 f   sf_runtime:sf_runtime.dll
 0001:0000f73c       sf_set_rtw_dwork_info      000000018001073c f   sf_runtime:sf_runtime.dll
 0001:0000f742       sf_mark_chart_reusable_outputs 0000000180010742 f   sf_runtime:sf_runtime.dll
 0001:0000f748       sf_mark_chart_expressionable_inputs 0000000180010748 f   sf_runtime:sf_runtime.dll
 0001:0000f74e       sf_update_buildInfo        000000018001074e f   sf_runtime:sf_runtime.dll
 0001:0000f754       sf_rtw_info_uint_prop      0000000180010754 f   sf_runtime:sf_runtime.dll
 0001:0000f75a       sf_is_chart_inlinable      000000018001075a f   sf_runtime:sf_runtime.dll
 0001:0000f760       sim_mode_is_external       0000000180010760 f   sf_runtime:sf_runtime.dll
 0001:0000f766       sim_mode_is_rtw_gen        0000000180010766 f   sf_runtime:sf_runtime.dll
 0001:0000f76c       ssGetInputPortSignal_wrapper 000000018001076c f   sf_runtime:sf_runtime.dll
 0001:0000f772       ssGetOutputPortSignal_wrapper 0000000180010772 f   sf_runtime:sf_runtime.dll
 0001:0000f778       sf_mex_decode_encoded_mx_struct_array 0000000180010778 f   sf_runtime:sf_runtime.dll
 0001:0000f77e       sf_debug_reset_current_state_configuration 000000018001077e f   sf_runtime:sf_runtime.dll
 0001:0000f784       sf_debug_set_instance_data_value_ptr 0000000180010784 f   sf_runtime:sf_runtime.dll
 0001:0000f78a       sf_debug_set_chart_data_compiled_props 000000018001078a f   sf_runtime:sf_runtime.dll
 0001:0000f790       cv_eml_init_mcdc           0000000180010790 f   sf_runtime:sf_runtime.dll
 0001:0000f796       cv_eml_init_saturation     0000000180010796 f   sf_runtime:sf_runtime.dll
 0001:0000f79c       cv_eml_init_if             000000018001079c f   sf_runtime:sf_runtime.dll
 0001:0000f7a2       cv_eml_init_script         00000001800107a2 f   sf_runtime:sf_runtime.dll
 0001:0000f7a8       sf_debug_cv_init_trans     00000001800107a8 f   sf_runtime:sf_runtime.dll
 0001:0000f7ae       sf_debug_cv_init_state     00000001800107ae f   sf_runtime:sf_runtime.dll
 0001:0000f7b4       sf_debug_cv_init_chart     00000001800107b4 f   sf_runtime:sf_runtime.dll
 0001:0000f7ba       sf_debug_set_chart_state_substate_count 00000001800107ba f   sf_runtime:sf_runtime.dll
 0001:0000f7c0       sf_debug_set_chart_substate_index 00000001800107c0 f   sf_runtime:sf_runtime.dll
 0001:0000f7c6       sf_debug_set_chart_decomposition 00000001800107c6 f   sf_runtime:sf_runtime.dll
 0001:0000f7cc       sf_debug_set_chart_substate_count 00000001800107cc f   sf_runtime:sf_runtime.dll
 0001:0000f7d2       sf_debug_set_chart_state_info 00000001800107d2 f   sf_runtime:sf_runtime.dll
 0001:0000f7d8       sf_debug_set_chart_data_props 00000001800107d8 f   sf_runtime:sf_runtime.dll
 0001:0000f7de       sf_debug_set_chart_event_thresholds 00000001800107de f   sf_runtime:sf_runtime.dll
 0001:0000f7e4       sf_debug_set_chart_disable_implicit_casting 00000001800107e4 f   sf_runtime:sf_runtime.dll
 0001:0000f7ea       sf_debug_initialize_chart  00000001800107ea f   sf_runtime:sf_runtime.dll
 0001:0000f7f0       sf_mex_destroy             00000001800107f0 f   sf_runtime:sf_runtime.dll
 0001:0000f7f6       sf_mex_dup                 00000001800107f6 f   sf_runtime:sf_runtime.dll
 0001:0000f7fc       sf_mex_import              00000001800107fc f   sf_runtime:sf_runtime.dll
 0001:0000f802       sf_debug_check_for_state_inconsistency 0000000180010802 f   sf_runtime:sf_runtime.dll
 0001:0000f808       sf_debug_call              0000000180010808 f   sf_runtime:sf_runtime.dll
 0001:0000f80e       sf_get_time                000000018001080e f   sf_runtime:sf_runtime.dll
 0001:0000f814       sf_debug_symbol_scope_pop  0000000180010814 f   sf_runtime:sf_runtime.dll
 0001:0000f81a       sf_debug_data_range_wrapper 000000018001081a f   sf_runtime:sf_runtime.dll
 0001:0000f820       sf_debug_data_range_error_wrapper_min_max 0000000180010820 f   sf_runtime:sf_runtime.dll
 0001:0000f826       sf_debug_symbol_scope_push 0000000180010826 f   sf_runtime:sf_runtime.dll
 0001:0000f82c       cv_eml_eval                000000018001082c f   sf_runtime:sf_runtime.dll
 0001:0000f832       cv_eval_saturation         0000000180010832 f   sf_runtime:sf_runtime.dll
 0001:0000f838       sf_debug_symbol_scope_add_eml_importable 0000000180010838 f   sf_runtime:sf_runtime.dll
 0001:0000f83e       sf_debug_symbol_scope_push_eml 000000018001083e f   sf_runtime:sf_runtime.dll
 0001:0000f844       cv_eval_point              0000000180010844 f   sf_runtime:sf_runtime.dll
 0001:0000f84a       sf_debug_eml_data_array_bounds_error_check 000000018001084a f   sf_runtime:sf_runtime.dll
 0001:0000f850       sf_debug_read_before_write_error 0000000180010850 f   sf_runtime:sf_runtime.dll
 0001:0000f856       sf_mex_setcell             0000000180010856 f   sf_runtime:sf_runtime.dll
 0001:0000f85c       sf_mex_createcellmatrix    000000018001085c f   sf_runtime:sf_runtime.dll
 0001:0000f862       sf_mex_getcell             0000000180010862 f   sf_runtime:sf_runtime.dll
 0001:0000f868       sf_debug_animate           0000000180010868 f   sf_runtime:sf_runtime.dll
 0001:0000f86e       sf_debug_set_honor_breakpoints 000000018001086e f   sf_runtime:sf_runtime.dll
 0001:0000f874       sf_debug_set_animation     0000000180010874 f   sf_runtime:sf_runtime.dll
 0001:0000f87a       sf_debug_get_animation     000000018001087a f   sf_runtime:sf_runtime.dll
 0001:0000f880       sf_mex_duplicatearraysafe  0000000180010880 f   sf_runtime:sf_runtime.dll
 0001:0000f886       sf_clear_rtw_identifier    0000000180010886 f   sf_runtime:sf_runtime.dll
 0001:0000f88c       sf_debug_terminate         000000018001088c f   sf_runtime:sf_runtime.dll
 0001:0000f892       sf_debug_create_debug_instance_struct 0000000180010892 f   sf_runtime:sf_runtime.dll
 0001:0000f898       sf_debug_api               0000000180010898 f   sf_runtime:sf_runtime.dll
 0001:0000f89e       callMdlMethodAndReportError 000000018001089e f   sf_runtime:sf_runtime.dll
 0001:0000f8a4       call_sf_machine_global_method_dispatcher 00000001800108a4 f   sf_runtime:sf_runtime.dll
 0001:0000f8aa       sf_clear_error_manager_info 00000001800108aa f   sf_runtime:sf_runtime.dll
 0001:0000f8b0       sf_mex_error_direct_call   00000001800108b0 f   sf_runtime:sf_runtime.dll
 0001:0000f8b6       mxCreateLogicalScalar      00000001800108b6 f   libmx:libmx.dll
 0001:0000f8bc       mxGetScalar                00000001800108bc f   libmx:libmx.dll
 0001:0000f8c2       mxGetPr                    00000001800108c2 f   libmx:libmx.dll
 0001:0000f8c8       mxCreateDoubleMatrix_730   00000001800108c8 f   libmx:libmx.dll
 0001:0000f8ce       mxGetString_730            00000001800108ce f   libmx:libmx.dll
 0001:0000f8d4       mxIsChar                   00000001800108d4 f   libmx:libmx.dll
 0001:0000f8da       mxDestroyArray             00000001800108da f   libmx:libmx.dll
 0001:0000f8e0       mxDuplicateArray           00000001800108e0 f   libmx:libmx.dll
 0001:0000f8e6       mxCreateDoubleScalar       00000001800108e6 f   libmx:libmx.dll
 0001:0000f8ec       mxSetField_730             00000001800108ec f   libmx:libmx.dll
 0001:0000f8f2       mxCreateString             00000001800108f2 f   libmx:libmx.dll
 0001:0000f8f8       mxCreateStructMatrix_730   00000001800108f8 f   libmx:libmx.dll
 0001:0000f8fe       mxCreateCellMatrix_730     00000001800108fe f   libmx:libmx.dll
 0001:0000f904       mxCreateCellArray_730      0000000180010904 f   libmx:libmx.dll
 0001:0000f90a       mxCreateStructArray_730    000000018001090a f   libmx:libmx.dll
 0001:0000f910       mxGetClassID               0000000180010910 f   libmx:libmx.dll
 0001:0000f916       mxIsNumeric                0000000180010916 f   libmx:libmx.dll
 0001:0000f91c       mxIsComplex                000000018001091c f   libmx:libmx.dll
 0001:0000f922       mxGetN                     0000000180010922 f   libmx:libmx.dll
 0001:0000f928       mxGetM                     0000000180010928 f   libmx:libmx.dll
 0001:0000f92e       mxCalloc                   000000018001092e f   libmx:libmx.dll
 0001:0000f934       mexMakeArrayPersistent     0000000180010934 f   libmex:libmex.dll
 0001:0000f93a       mexUnlock                  000000018001093a f   libmex:libmex.dll
 0001:0000f940       mexIsLocked                0000000180010940 f   libmex:libmex.dll
 0001:0000f946       mexWarnMsgTxt              0000000180010946 f   libmex:libmex.dll
 0001:0000f94c       mexCallMATLABWithObject    000000018001094c f   libmex:libmex.dll
 0001:0000f952       mexErrMsgTxt               0000000180010952 f   libmex:libmex.dll
 0001:0000f958       mexLock                    0000000180010958 f   libmex:libmex.dll
 0001:0000f95e       utMalloc                   000000018001095e f   libut:libut.dll
 0001:0000f964       utFree                     0000000180010964 f   libut:libut.dll
 0001:0000f96c       __GSHandlerCheckCommon     000000018001096c f   MSVCRT:gshandler.obj
 0001:0000f9d0       __GSHandlerCheck           00000001800109d0 f   MSVCRT:gshandler.obj
 0001:0000f9ee       strcmp                     00000001800109ee f   MSVCRT:MSVCR100.dll
 0001:0000fa10       __security_check_cookie    0000000180010a10 f   MSVCRT:amdsecgs.obj
 0001:0000fa30       memset                     0000000180010a30 f   MSVCRT:MSVCR100.dll
 0001:0000fa36       free                       0000000180010a36 f   MSVCRT:MSVCR100.dll
 0001:0000fa3c       sprintf                    0000000180010a3c f   MSVCRT:MSVCR100.dll
 0001:0000fa42       malloc                     0000000180010a42 f   MSVCRT:MSVCR100.dll
 0001:0000fa48       strlen                     0000000180010a48 f   MSVCRT:MSVCR100.dll
 0001:0000fa4e       strcat                     0000000180010a4e f   MSVCRT:MSVCR100.dll
 0001:0000fa54       memcpy                     0000000180010a54 f   MSVCRT:MSVCR100.dll
 0001:0000fa5c       NtCurrentTeb               0000000180010a5c f i MSVCRT:crtdll.obj
 0001:0000fac8       _CRT_INIT                  0000000180010ac8 f   MSVCRT:crtdll.obj
 0001:0000fe60       _DllMainCRTStartup         0000000180010e60 f   MSVCRT:crtdll.obj
 0001:0000fea0       __report_gsfailure         0000000180010ea0 f   MSVCRT:gs_report.obj
 0001:0000ffec       __clean_type_info_names    0000000180010fec f   MSVCRT:tncleanup.obj
 0001:0000fff8       _onexit                    0000000180010ff8 f   MSVCRT:atonexit.obj
 0001:000100a8       atexit                     00000001800110a8 f   MSVCRT:atonexit.obj
 0001:000100c0       _RTC_Initialize            00000001800110c0 f   MSVCRT:_initsect_.obj
 0001:000100f8       _RTC_Terminate             00000001800110f8 f   MSVCRT:_initsect_.obj
 0001:00010130       _malloc_crt                0000000180011130 f   MSVCRT:MSVCR100.dll
 0001:00010140       _ValidateImageBase         0000000180011140 f   MSVCRT:pesect.obj
 0001:00010170       _FindPESection             0000000180011170 f   MSVCRT:pesect.obj
 0001:000101c0       _IsNonwritableInCurrentImage 00000001800111c0 f   MSVCRT:pesect.obj
 0001:00010202       _initterm                  0000000180011202 f   MSVCRT:MSVCR100.dll
 0001:00010208       _initterm_e                0000000180011208 f   MSVCRT:MSVCR100.dll
 0001:0001020e       _encoded_null              000000018001120e f   MSVCRT:MSVCR100.dll
 0001:00010214       _amsg_exit                 0000000180011214 f   MSVCRT:MSVCR100.dll
 0001:0001021a       __C_specific_handler       000000018001121a f   MSVCRT:MSVCR100.dll
 0001:00010220       __CppXcptFilter            0000000180011220 f   MSVCRT:MSVCR100.dll
 0001:00010228       DllMain                    0000000180011228 f   MSVCRT:dllmain.obj
 0001:0001024c       __security_init_cookie     000000018001124c f   MSVCRT:gs_support.obj
 0001:00010300       __crt_debugger_hook        0000000180011300 f   MSVCRT:MSVCR100.dll
 0001:00010306       __clean_type_info_names_internal 0000000180011306 f   MSVCRT:MSVCR100.dll
 0001:0001030c       _unlock                    000000018001130c f   MSVCRT:MSVCR100.dll
 0001:00010312       __dllonexit                0000000180011312 f   MSVCRT:MSVCR100.dll
 0001:00010318       _lock                      0000000180011318 f   MSVCRT:MSVCR100.dll
 0001:0001031e       EncodePointer              000000018001131e f   kernel32:KERNEL32.dll
 0001:00010324       DecodePointer              0000000180011324 f   kernel32:KERNEL32.dll
 0001:0001032a       Sleep                      000000018001132a f   kernel32:KERNEL32.dll
 0001:00010330       TerminateProcess           0000000180011330 f   kernel32:KERNEL32.dll
 0001:00010336       GetCurrentProcess          0000000180011336 f   kernel32:KERNEL32.dll
 0001:0001033c       UnhandledExceptionFilter   000000018001133c f   kernel32:KERNEL32.dll
 0001:00010342       SetUnhandledExceptionFilter 0000000180011342 f   kernel32:KERNEL32.dll
 0001:00010348       IsDebuggerPresent          0000000180011348 f   kernel32:KERNEL32.dll
 0001:0001034e       RtlVirtualUnwind           000000018001134e f   kernel32:KERNEL32.dll
 0001:00010354       RtlLookupFunctionEntry     0000000180011354 f   kernel32:KERNEL32.dll
 0001:0001035a       RtlCaptureContext          000000018001135a f   kernel32:KERNEL32.dll
 0001:00010360       DisableThreadLibraryCalls  0000000180011360 f   kernel32:KERNEL32.dll
 0001:00010366       QueryPerformanceCounter    0000000180011366 f   kernel32:KERNEL32.dll
 0001:0001036c       GetTickCount               000000018001136c f   kernel32:KERNEL32.dll
 0001:00010372       GetCurrentThreadId         0000000180011372 f   kernel32:KERNEL32.dll
 0001:00010378       GetCurrentProcessId        0000000180011378 f   kernel32:KERNEL32.dll
 0001:0001037e       GetSystemTimeAsFileTime    000000018001137e f   kernel32:KERNEL32.dll
 0002:00000000       __imp_GetSystemTimeAsFileTime 0000000180012000     kernel32:KERNEL32.dll
 0002:00000008       __imp_GetCurrentProcessId  0000000180012008     kernel32:KERNEL32.dll
 0002:00000010       __imp_GetCurrentThreadId   0000000180012010     kernel32:KERNEL32.dll
 0002:00000018       __imp_GetTickCount         0000000180012018     kernel32:KERNEL32.dll
 0002:00000020       __imp_QueryPerformanceCounter 0000000180012020     kernel32:KERNEL32.dll
 0002:00000028       __imp_DisableThreadLibraryCalls 0000000180012028     kernel32:KERNEL32.dll
 0002:00000030       __imp_RtlCaptureContext    0000000180012030     kernel32:KERNEL32.dll
 0002:00000038       __imp_RtlLookupFunctionEntry 0000000180012038     kernel32:KERNEL32.dll
 0002:00000040       __imp_RtlVirtualUnwind     0000000180012040     kernel32:KERNEL32.dll
 0002:00000048       __imp_IsDebuggerPresent    0000000180012048     kernel32:KERNEL32.dll
 0002:00000050       __imp_SetUnhandledExceptionFilter 0000000180012050     kernel32:KERNEL32.dll
 0002:00000058       __imp_UnhandledExceptionFilter 0000000180012058     kernel32:KERNEL32.dll
 0002:00000060       __imp_GetCurrentProcess    0000000180012060     kernel32:KERNEL32.dll
 0002:00000068       __imp_TerminateProcess     0000000180012068     kernel32:KERNEL32.dll
 0002:00000070       __imp_Sleep                0000000180012070     kernel32:KERNEL32.dll
 0002:00000078       __imp_DecodePointer        0000000180012078     kernel32:KERNEL32.dll
 0002:00000080       __imp_EncodePointer        0000000180012080     kernel32:KERNEL32.dll
 0002:00000088       \177KERNEL32_NULL_THUNK_DATA 0000000180012088     kernel32:KERNEL32.dll
 0002:00000090       __imp__onexit              0000000180012090     MSVCRT:MSVCR100.dll
 0002:00000098       __imp__lock                0000000180012098     MSVCRT:MSVCR100.dll
 0002:000000a0       __imp___dllonexit          00000001800120a0     MSVCRT:MSVCR100.dll
 0002:000000a8       __imp__unlock              00000001800120a8     MSVCRT:MSVCR100.dll
 0002:000000b0       __imp___clean_type_info_names_internal 00000001800120b0     MSVCRT:MSVCR100.dll
 0002:000000b8       __imp___crt_debugger_hook  00000001800120b8     MSVCRT:MSVCR100.dll
 0002:000000c0       __imp___CppXcptFilter      00000001800120c0     MSVCRT:MSVCR100.dll
 0002:000000c8       __imp___C_specific_handler 00000001800120c8     MSVCRT:MSVCR100.dll
 0002:000000d0       __imp__amsg_exit           00000001800120d0     MSVCRT:MSVCR100.dll
 0002:000000d8       __imp__encoded_null        00000001800120d8     MSVCRT:MSVCR100.dll
 0002:000000e0       __imp__initterm_e          00000001800120e0     MSVCRT:MSVCR100.dll
 0002:000000e8       __imp__initterm            00000001800120e8     MSVCRT:MSVCR100.dll
 0002:000000f0       __imp__malloc_crt          00000001800120f0     MSVCRT:MSVCR100.dll
 0002:000000f8       __imp_memcpy               00000001800120f8     MSVCRT:MSVCR100.dll
 0002:00000100       __imp_strcat               0000000180012100     MSVCRT:MSVCR100.dll
 0002:00000108       __imp_strlen               0000000180012108     MSVCRT:MSVCR100.dll
 0002:00000110       __imp_malloc               0000000180012110     MSVCRT:MSVCR100.dll
 0002:00000118       __imp_sprintf              0000000180012118     MSVCRT:MSVCR100.dll
 0002:00000120       __imp_free                 0000000180012120     MSVCRT:MSVCR100.dll
 0002:00000128       __imp_memset               0000000180012128     MSVCRT:MSVCR100.dll
 0002:00000130       __imp_strcmp               0000000180012130     MSVCRT:MSVCR100.dll
 0002:00000138       \177MSVCR100_NULL_THUNK_DATA 0000000180012138     MSVCRT:MSVCR100.dll
 0002:00000140       __imp_mexLock              0000000180012140     libmex:libmex.dll
 0002:00000148       __imp_mexErrMsgTxt         0000000180012148     libmex:libmex.dll
 0002:00000150       __imp_mexCallMATLABWithObject 0000000180012150     libmex:libmex.dll
 0002:00000158       __imp_mexWarnMsgTxt        0000000180012158     libmex:libmex.dll
 0002:00000160       __imp_mexIsLocked          0000000180012160     libmex:libmex.dll
 0002:00000168       __imp_mexUnlock            0000000180012168     libmex:libmex.dll
 0002:00000170       __imp_mexMakeArrayPersistent 0000000180012170     libmex:libmex.dll
 0002:00000178       \177libmex_NULL_THUNK_DATA 0000000180012178     libmex:libmex.dll
 0002:00000180       __imp_mxCalloc             0000000180012180     libmx:libmx.dll
 0002:00000188       __imp_mxGetM               0000000180012188     libmx:libmx.dll
 0002:00000190       __imp_mxGetN               0000000180012190     libmx:libmx.dll
 0002:00000198       __imp_mxIsComplex          0000000180012198     libmx:libmx.dll
 0002:000001a0       __imp_mxIsNumeric          00000001800121a0     libmx:libmx.dll
 0002:000001a8       __imp_mxGetClassID         00000001800121a8     libmx:libmx.dll
 0002:000001b0       __imp_mxCreateStructArray_730 00000001800121b0     libmx:libmx.dll
 0002:000001b8       __imp_mxCreateCellArray_730 00000001800121b8     libmx:libmx.dll
 0002:000001c0       __imp_mxCreateCellMatrix_730 00000001800121c0     libmx:libmx.dll
 0002:000001c8       __imp_mxCreateStructMatrix_730 00000001800121c8     libmx:libmx.dll
 0002:000001d0       __imp_mxCreateString       00000001800121d0     libmx:libmx.dll
 0002:000001d8       __imp_mxSetField_730       00000001800121d8     libmx:libmx.dll
 0002:000001e0       __imp_mxCreateDoubleScalar 00000001800121e0     libmx:libmx.dll
 0002:000001e8       __imp_mxDuplicateArray     00000001800121e8     libmx:libmx.dll
 0002:000001f0       __imp_mxDestroyArray       00000001800121f0     libmx:libmx.dll
 0002:000001f8       __imp_mxIsChar             00000001800121f8     libmx:libmx.dll
 0002:00000200       __imp_mxGetString_730      0000000180012200     libmx:libmx.dll
 0002:00000208       __imp_mxCreateDoubleMatrix_730 0000000180012208     libmx:libmx.dll
 0002:00000210       __imp_mxGetPr              0000000180012210     libmx:libmx.dll
 0002:00000218       __imp_mxGetScalar          0000000180012218     libmx:libmx.dll
 0002:00000220       __imp_mxCreateLogicalScalar 0000000180012220     libmx:libmx.dll
 0002:00000228       \177libmx_NULL_THUNK_DATA  0000000180012228     libmx:libmx.dll
 0002:00000230       __imp_utMalloc             0000000180012230     libut:libut.dll
 0002:00000238       __imp_utFree               0000000180012238     libut:libut.dll
 0002:00000240       \177libut_NULL_THUNK_DATA  0000000180012240     libut:libut.dll
 0002:00000248       __imp_call_sf_machine_global_method_dispatcher 0000000180012248     sf_runtime:sf_runtime.dll
 0002:00000250       __imp_callMdlMethodAndReportError 0000000180012250     sf_runtime:sf_runtime.dll
 0002:00000258       __imp_sf_debug_api         0000000180012258     sf_runtime:sf_runtime.dll
 0002:00000260       __imp_sf_debug_create_debug_instance_struct 0000000180012260     sf_runtime:sf_runtime.dll
 0002:00000268       __imp_sf_debug_terminate   0000000180012268     sf_runtime:sf_runtime.dll
 0002:00000270       __imp_sf_clear_rtw_identifier 0000000180012270     sf_runtime:sf_runtime.dll
 0002:00000278       __imp_sf_mex_duplicatearraysafe 0000000180012278     sf_runtime:sf_runtime.dll
 0002:00000280       __imp_sf_debug_get_animation 0000000180012280     sf_runtime:sf_runtime.dll
 0002:00000288       __imp_sf_debug_set_animation 0000000180012288     sf_runtime:sf_runtime.dll
 0002:00000290       __imp_sf_debug_set_honor_breakpoints 0000000180012290     sf_runtime:sf_runtime.dll
 0002:00000298       __imp_sf_debug_animate     0000000180012298     sf_runtime:sf_runtime.dll
 0002:000002a0       __imp_sf_mex_getcell       00000001800122a0     sf_runtime:sf_runtime.dll
 0002:000002a8       __imp_sf_mex_createcellmatrix 00000001800122a8     sf_runtime:sf_runtime.dll
 0002:000002b0       __imp_sf_clear_error_manager_info 00000001800122b0     sf_runtime:sf_runtime.dll
 0002:000002b8       __imp_sf_debug_read_before_write_error 00000001800122b8     sf_runtime:sf_runtime.dll
 0002:000002c0       __imp_sf_debug_eml_data_array_bounds_error_check 00000001800122c0     sf_runtime:sf_runtime.dll
 0002:000002c8       __imp_cv_eval_point        00000001800122c8     sf_runtime:sf_runtime.dll
 0002:000002d0       __imp_sf_debug_symbol_scope_push_eml 00000001800122d0     sf_runtime:sf_runtime.dll
 0002:000002d8       __imp_sf_debug_symbol_scope_add_eml_importable 00000001800122d8     sf_runtime:sf_runtime.dll
 0002:000002e0       __imp_cv_eval_saturation   00000001800122e0     sf_runtime:sf_runtime.dll
 0002:000002e8       __imp_cv_eml_eval          00000001800122e8     sf_runtime:sf_runtime.dll
 0002:000002f0       __imp_sf_debug_symbol_scope_push 00000001800122f0     sf_runtime:sf_runtime.dll
 0002:000002f8       __imp_sf_debug_data_range_error_wrapper_min_max 00000001800122f8     sf_runtime:sf_runtime.dll
 0002:00000300       __imp_sf_debug_data_range_wrapper 0000000180012300     sf_runtime:sf_runtime.dll
 0002:00000308       __imp_sf_debug_symbol_scope_pop 0000000180012308     sf_runtime:sf_runtime.dll
 0002:00000310       __imp_sf_get_time          0000000180012310     sf_runtime:sf_runtime.dll
 0002:00000318       __imp_sf_debug_call        0000000180012318     sf_runtime:sf_runtime.dll
 0002:00000320       __imp_sf_debug_check_for_state_inconsistency 0000000180012320     sf_runtime:sf_runtime.dll
 0002:00000328       __imp_sf_mex_error_direct_call 0000000180012328     sf_runtime:sf_runtime.dll
 0002:00000330       __imp_sf_mex_setcell       0000000180012330     sf_runtime:sf_runtime.dll
 0002:00000338       __imp_sf_mex_import        0000000180012338     sf_runtime:sf_runtime.dll
 0002:00000340       __imp_sf_mex_dup           0000000180012340     sf_runtime:sf_runtime.dll
 0002:00000348       __imp_sf_mex_destroy       0000000180012348     sf_runtime:sf_runtime.dll
 0002:00000350       __imp_sf_debug_initialize_chart 0000000180012350     sf_runtime:sf_runtime.dll
 0002:00000358       __imp_sf_debug_set_chart_disable_implicit_casting 0000000180012358     sf_runtime:sf_runtime.dll
 0002:00000360       __imp_sf_debug_set_chart_event_thresholds 0000000180012360     sf_runtime:sf_runtime.dll
 0002:00000368       __imp_sf_debug_set_chart_data_props 0000000180012368     sf_runtime:sf_runtime.dll
 0002:00000370       __imp_sf_debug_set_chart_state_info 0000000180012370     sf_runtime:sf_runtime.dll
 0002:00000378       __imp_sf_debug_set_chart_substate_count 0000000180012378     sf_runtime:sf_runtime.dll
 0002:00000380       __imp_sf_debug_set_chart_decomposition 0000000180012380     sf_runtime:sf_runtime.dll
 0002:00000388       __imp_sf_debug_set_chart_substate_index 0000000180012388     sf_runtime:sf_runtime.dll
 0002:00000390       __imp_sf_debug_set_chart_state_substate_count 0000000180012390     sf_runtime:sf_runtime.dll
 0002:00000398       __imp_sf_debug_cv_init_chart 0000000180012398     sf_runtime:sf_runtime.dll
 0002:000003a0       __imp_sf_debug_cv_init_state 00000001800123a0     sf_runtime:sf_runtime.dll
 0002:000003a8       __imp_sf_debug_cv_init_trans 00000001800123a8     sf_runtime:sf_runtime.dll
 0002:000003b0       __imp_cv_eml_init_script   00000001800123b0     sf_runtime:sf_runtime.dll
 0002:000003b8       __imp_cv_eml_init_if       00000001800123b8     sf_runtime:sf_runtime.dll
 0002:000003c0       __imp_cv_eml_init_saturation 00000001800123c0     sf_runtime:sf_runtime.dll
 0002:000003c8       __imp_cv_eml_init_mcdc     00000001800123c8     sf_runtime:sf_runtime.dll
 0002:000003d0       __imp_sf_debug_set_chart_data_compiled_props 00000001800123d0     sf_runtime:sf_runtime.dll
 0002:000003d8       __imp_sf_debug_set_instance_data_value_ptr 00000001800123d8     sf_runtime:sf_runtime.dll
 0002:000003e0       __imp_sf_debug_reset_current_state_configuration 00000001800123e0     sf_runtime:sf_runtime.dll
 0002:000003e8       __imp_sf_mex_decode_encoded_mx_struct_array 00000001800123e8     sf_runtime:sf_runtime.dll
 0002:000003f0       __imp_ssGetOutputPortSignal_wrapper 00000001800123f0     sf_runtime:sf_runtime.dll
 0002:000003f8       __imp_ssGetInputPortSignal_wrapper 00000001800123f8     sf_runtime:sf_runtime.dll
 0002:00000400       __imp_sim_mode_is_rtw_gen  0000000180012400     sf_runtime:sf_runtime.dll
 0002:00000408       __imp_sim_mode_is_external 0000000180012408     sf_runtime:sf_runtime.dll
 0002:00000410       __imp_sf_is_chart_inlinable 0000000180012410     sf_runtime:sf_runtime.dll
 0002:00000418       __imp_sf_rtw_info_uint_prop 0000000180012418     sf_runtime:sf_runtime.dll
 0002:00000420       __imp_sf_update_buildInfo  0000000180012420     sf_runtime:sf_runtime.dll
 0002:00000428       __imp_sf_mark_chart_expressionable_inputs 0000000180012428     sf_runtime:sf_runtime.dll
 0002:00000430       __imp_sf_mark_chart_reusable_outputs 0000000180012430     sf_runtime:sf_runtime.dll
 0002:00000438       __imp_sf_set_rtw_dwork_info 0000000180012438     sf_runtime:sf_runtime.dll
 0002:00000440       __imp_sf_mex_error_message 0000000180012440     sf_runtime:sf_runtime.dll
 0002:00000448       __imp_sf_mex_create        0000000180012448     sf_runtime:sf_runtime.dll
 0002:00000450       __imp_sf_mex_assign        0000000180012450     sf_runtime:sf_runtime.dll
 0002:00000458       __imp_sf_load_rtw_optimization_info 0000000180012458     sf_runtime:sf_runtime.dll
 0002:00000460       __imp_sf_debug_initialize_machine 0000000180012460     sf_runtime:sf_runtime.dll
 0002:00000468       __imp_sf_debug_set_machine_event_thresholds 0000000180012468     sf_runtime:sf_runtime.dll
 0002:00000470       __imp_sf_debug_set_machine_data_thresholds 0000000180012470     sf_runtime:sf_runtime.dll
 0002:00000478       \177sf_runtime_NULL_THUNK_DATA 0000000180012478     sf_runtime:sf_runtime.dll
 0002:00000480       __xc_a                     0000000180012480     MSVCRT:cinitexe.obj
 0002:00000488       __xc_z                     0000000180012488     MSVCRT:cinitexe.obj
 0002:00000490       __xi_a                     0000000180012490     MSVCRT:cinitexe.obj
 0002:000004a0       __xi_z                     00000001800124a0     MSVCRT:cinitexe.obj
 0002:000004b0       __real@41dbdeba8f000000    00000001800124b0     PWM_controller_sfun.obj
 0002:000004b8       __real@41e5e6ab66000000    00000001800124b8     PWM_controller_sfun.obj
 0002:000004c0       __real@41cec4e9b0000000    00000001800124c0     PWM_controller_sfun.obj
 0002:000004c8       __real@41ee980967400000    00000001800124c8     PWM_controller_sfun.obj
 0002:000004d0       __real@41eaa3d941a00000    00000001800124d0     PWM_controller_sfun.obj
 0002:000004d8       __real@41d1e6e733000000    00000001800124d8     PWM_controller_sfun.obj
 0002:000004e0       __real@41e945db56600000    00000001800124e0     PWM_controller_sfun.obj
 0002:000004e8       __real@41ee508eb1e00000    00000001800124e8     PWM_controller_sfun.obj
 0002:000004f0       __real@41ec49efad400000    00000001800124f0     PWM_controller_sfun.obj
 0002:000004f8       __real@41e9020605800000    00000001800124f8     PWM_controller_sfun.obj
 0002:00000500       __real@41e3bce2cf800000    0000000180012500     PWM_controller_sfun.obj
 0002:00000508       __real@41e576d43da00000    0000000180012508     PWM_controller_sfun.obj
 0002:00000510       __real@41ed3f237f000000    0000000180012510     PWM_controller_sfun.obj
 0002:00000518       __real@41dc4b3fcb800000    0000000180012518     PWM_controller_sfun.obj
 0002:00000520       __real@41bade680e000000    0000000180012520     PWM_controller_sfun.obj
 0002:00000528       __real@41ed235e4a800000    0000000180012528     PWM_controller_sfun.obj
 0002:00000530       __real@41dea177c3000000    0000000180012530     c3_PWM_controller.obj
 0002:00000538       __real@41debb5638c00000    0000000180012538     c3_PWM_controller.obj
 0002:00000540       __real@41d6bca98a000000    0000000180012540     c3_PWM_controller.obj
 0002:00000548       __real@41eec12ac2400000    0000000180012548     c3_PWM_controller.obj
 0002:00000550       __real@4014000000000000    0000000180012550     c3_PWM_controller.obj
 0002:00000558       __real@401c000000000000    0000000180012558     c3_PWM_controller.obj
 0002:00000560       __real@4008000000000000    0000000180012560     c3_PWM_controller.obj
 0002:00000568       __real@3ff0000000000000    0000000180012568     c3_PWM_controller.obj
 0002:00000570       __real@0000000000000000    0000000180012570     c3_PWM_controller.obj
 0002:00000578       __real@406fe00000000000    0000000180012578     c3_PWM_controller.obj
 0002:00000580       DYNAMIC_DIMENSION_DEF      0000000180012580     PWM_controller_sfun_registry.obj
 0002:000005a0       _ssBadLevel2InputAccessMsg 00000001800125a0     PWM_controller_sfun_registry.obj
 0002:00000730       _ssBadLevel2DirectFeedMsg  0000000180012730     PWM_controller_sfun_registry.obj
 0002:00000870       _ssBadLevel2DirectFeedSolutionMsg 0000000180012870     PWM_controller_sfun_registry.obj
 0002:000008e0       _ssBadLevel2ZeroDirectFeedMsg 00000001800128e0     PWM_controller_sfun_registry.obj
 0002:00000a20       _ssBadLevel2ZeroDirectFeedMsg2 0000000180012a20     PWM_controller_sfun_registry.obj
 0002:00000b08       __real@bff0000000000000    0000000180012b08     PWM_controller_sfun_registry.obj
 0002:00000b10       __real@41602cbca0000000    0000000180012b10     PWM_controller_sfun_registry.obj
 0002:00000b18       _pRawDllMain               0000000180012b18     MSVCRT:crtdll.obj
 0002:00000b18       _pDefaultRawDllMain        0000000180012b18     MSVCRT:crtdll.obj
 0002:00000b30       ?ProcessDetach@NativeDll@<CrtImplementationDetails>@@0IB 0000000180012b30     MSVCRT:tncleanup.obj
 0002:00000b34       ?ProcessAttach@NativeDll@<CrtImplementationDetails>@@0IB 0000000180012b34     MSVCRT:tncleanup.obj
 0002:00000b38       ?ThreadAttach@NativeDll@<CrtImplementationDetails>@@0IB 0000000180012b38     MSVCRT:tncleanup.obj
 0002:00000b3c       ?ThreadDetach@NativeDll@<CrtImplementationDetails>@@0IB 0000000180012b3c     MSVCRT:tncleanup.obj
 0002:00000b40       ?ProcessVerifier@NativeDll@<CrtImplementationDetails>@@0IB 0000000180012b40     MSVCRT:tncleanup.obj
 0002:00000b48       __rtc_iaa                  0000000180012b48     MSVCRT:_initsect_.obj
 0002:00000b50       __rtc_izz                  0000000180012b50     MSVCRT:_initsect_.obj
 0002:00000b58       __rtc_taa                  0000000180012b58     MSVCRT:_initsect_.obj
 0002:00000b60       __rtc_tzz                  0000000180012b60     MSVCRT:_initsect_.obj
 0002:00001268       __IMPORT_DESCRIPTOR_sf_runtime 0000000180013268     sf_runtime:sf_runtime.dll
 0002:0000127c       __IMPORT_DESCRIPTOR_libmx  000000018001327c     libmx:libmx.dll
 0002:00001290       __IMPORT_DESCRIPTOR_libmex 0000000180013290     libmex:libmex.dll
 0002:000012a4       __IMPORT_DESCRIPTOR_libut  00000001800132a4     libut:libut.dll
 0002:000012b8       __IMPORT_DESCRIPTOR_MSVCR100 00000001800132b8     MSVCRT:MSVCR100.dll
 0002:000012cc       __IMPORT_DESCRIPTOR_KERNEL32 00000001800132cc     kernel32:KERNEL32.dll
 0002:000012e0       __NULL_IMPORT_DESCRIPTOR   00000001800132e0     sf_runtime:sf_runtime.dll
 0003:00000fc0       DYNAMIC_DIMENSION          0000000180015fc0     PWM_controller_sfun_registry.obj
 0003:00001bc8       __security_cookie          0000000180016bc8     MSVCRT:gs_cookie.obj
 0003:00001bd0       __security_cookie_complement 0000000180016bd0     MSVCRT:gs_cookie.obj
 0003:00001bd8       _fltused                   0000000180016bd8     MSVCRT:dllsupp.obj
 0003:00001be0       __native_dllmain_reason    0000000180016be0     MSVCRT:natstart.obj
 0003:00001be4       __native_vcclrit_reason    0000000180016be4     MSVCRT:natstart.obj
 0003:00001cd8       sfGlobalDebugInstanceStruct 0000000180016cd8     PWM_controller_sfun_registry.obj
 0003:00002260       ?__type_info_root_node@@3U__type_info_node@@A 0000000180017260     MSVCRT:tncleanup.obj
 0003:00002270       _PWM_controllerMachineNumber_ 0000000180017270     <common>
 0003:00002274       __native_startup_state     0000000180017274     <common>
 0003:00002278       __native_startup_lock      0000000180017278     <common>
 0003:00002280       __onexitend                0000000180017280     <common>
 0003:00002288       __onexitbegin              0000000180017288     <common>
 0003:00002290       __dyn_tls_init_callback    0000000180017290     <common>

 entry point at        0001:0000fe60

 Static symbols

 0001:00001920       mdlProcessParameters_c3_PWM_controller 0000000180002920 f   c3_PWM_controller.obj
 0001:00001a00       initialize_params_c3_PWM_controller 0000000180002a00 f   c3_PWM_controller.obj
 0001:00001a10       mdlSetWorkWidths_c3_PWM_controller 0000000180002a10 f   c3_PWM_controller.obj
 0001:00001f60       sf_get_instance_specialization 0000000180002f60 f   c3_PWM_controller.obj
 0001:00001f70       mdlStart_c3_PWM_controller 0000000180002f70 f   c3_PWM_controller.obj
 0001:000021f0       init_dsm_address_info      00000001800031f0 f   c3_PWM_controller.obj
 0001:00002200       init_simulink_io_address   0000000180003200 f   c3_PWM_controller.obj
 0001:00002290       sf_get_sim_state_info_c3_PWM_controller 0000000180003290 f   c3_PWM_controller.obj
 0001:00002350       chart_debug_initialization 0000000180003350 f   c3_PWM_controller.obj
 0001:00003c90       init_script_number_translation 0000000180004c90 f   c3_PWM_controller.obj
 0001:00003cb0       c3_sf_marshallOut          0000000180004cb0 f   c3_PWM_controller.obj
 0001:00003d60       c3_sf_marshallIn           0000000180004d60 f   c3_PWM_controller.obj
 0001:00003e00       c3_b_emlrt_marshallIn      0000000180004e00 f   c3_PWM_controller.obj
 0001:00003e90       c3_d_sf_marshallOut        0000000180004e90 f   c3_PWM_controller.obj
 0001:00003f40       c3_e_sf_marshallOut        0000000180004f40 f   c3_PWM_controller.obj
 0001:00003ff0       c3_e_sf_marshallIn         0000000180004ff0 f   c3_PWM_controller.obj
 0001:00004090       c3_h_emlrt_marshallIn      0000000180005090 f   c3_PWM_controller.obj
 0001:00004120       c3_f_sf_marshallOut        0000000180005120 f   c3_PWM_controller.obj
 0001:000041d0       sf_opaque_initialize_c3_PWM_controller 00000001800051d0 f   c3_PWM_controller.obj
 0001:00004210       initialize_c3_PWM_controller 0000000180005210 f   c3_PWM_controller.obj
 0001:00004660       sf_opaque_enable_c3_PWM_controller 0000000180005660 f   c3_PWM_controller.obj
 0001:00004680       enable_c3_PWM_controller   0000000180005680 f   c3_PWM_controller.obj
 0001:000046b0       sf_opaque_disable_c3_PWM_controller 00000001800056b0 f   c3_PWM_controller.obj
 0001:000046d0       disable_c3_PWM_controller  00000001800056d0 f   c3_PWM_controller.obj
 0001:00004700       sf_opaque_gateway_c3_PWM_controller 0000000180005700 f   c3_PWM_controller.obj
 0001:00004720       sf_gateway_c3_PWM_controller 0000000180005720 f   c3_PWM_controller.obj
 0001:00004a40       c3_set_sim_state_side_effects_c3_PWM_controller 0000000180005a40 f   c3_PWM_controller.obj
 0001:00004b20       c3_chartstep_c3_PWM_controller 0000000180005b20 f   c3_PWM_controller.obj
 0001:000078f0       c3_b_sf_marshallOut        00000001800088f0 f   c3_PWM_controller.obj
 0001:000079a0       c3_b_sf_marshallIn         00000001800089a0 f   c3_PWM_controller.obj
 0001:00007a40       c3_c_emlrt_marshallIn      0000000180008a40 f   c3_PWM_controller.obj
 0001:00007ad0       c3_updateDataWrittenToVector 0000000180008ad0 f   c3_PWM_controller.obj
 0001:00007b60       c3_errorIfDataNotWrittenToFcn 0000000180008b60 f   c3_PWM_controller.obj
 0001:00007c30       sf_opaque_get_sim_state_c3_PWM_controller 0000000180008c30 f   c3_PWM_controller.obj
 0001:00007c80       get_sim_state_c3_PWM_controller 0000000180008c80 f   c3_PWM_controller.obj
 0001:00008000       sf_opaque_set_sim_state_c3_PWM_controller 0000000180009000 f   c3_PWM_controller.obj
 0001:00008050       set_sim_state_c3_PWM_controller 0000000180009050 f   c3_PWM_controller.obj
 0001:00008240       c3_update_debugger_state_c3_PWM_controller 0000000180009240 f   c3_PWM_controller.obj
 0001:00008840       c3_emlrt_marshallIn        0000000180009840 f   c3_PWM_controller.obj
 0001:000088a0       c3_e_emlrt_marshallIn      00000001800098a0 f   c3_PWM_controller.obj
 0001:00008900       c3_f_emlrt_marshallIn      0000000180009900 f   c3_PWM_controller.obj
 0001:00008990       c3_g_emlrt_marshallIn      0000000180009990 f   c3_PWM_controller.obj
 0001:00008a00       c3_i_emlrt_marshallIn      0000000180009a00 f   c3_PWM_controller.obj
 0001:00008a70       c3_j_emlrt_marshallIn      0000000180009a70 f   c3_PWM_controller.obj
 0001:00008b30       c3_k_emlrt_marshallIn      0000000180009b30 f   c3_PWM_controller.obj
 0001:00008bb0       c3_l_emlrt_marshallIn      0000000180009bb0 f   c3_PWM_controller.obj
 0001:00008c10       sf_opaque_terminate_c3_PWM_controller 0000000180009c10 f   c3_PWM_controller.obj
 0001:00008cb0       finalize_c3_PWM_controller 0000000180009cb0 f   c3_PWM_controller.obj
 0001:00008ce0       sf_opaque_init_subchart_simstructs 0000000180009ce0 f   c3_PWM_controller.obj
 0001:00008d00       initSimStructsc3_PWM_controller 0000000180009d00 f   c3_PWM_controller.obj
 0001:00008d10       mdlRTW_c3_PWM_controller   0000000180009d10 f   c3_PWM_controller.obj
 0001:00009ac0       getChartInfoFromSimStruct  000000018000aac0 f   PWM_controller_sfun_registry.obj
 0001:0000b160       _ssFatalError              000000018000c160 f   PWM_controller_sfun_registry.obj
 0001:0000e210       ProcessMexSfunctionCmdLineCall 000000018000f210 f   PWM_controller_sfun_registry.obj
 0001:0000e3b0       sf_debug_api_wrapper       000000018000f3b0 f   PWM_controller_sfun_registry.obj
 0001:0000e400       mdlStart                   000000018000f400 f   PWM_controller_sfun_registry.obj
 0001:0000e430       mdl_start_processing       000000018000f430 f   PWM_controller_sfun_registry.obj
 0001:0000e4f0       mdlTerminate               000000018000f4f0 f   PWM_controller_sfun_registry.obj
 0001:0000e520       mdl_terminate_processing   000000018000f520 f   PWM_controller_sfun_registry.obj
 0001:0000e5a0       mdlInitializeSampleTimes   000000018000f5a0 f   PWM_controller_sfun_registry.obj
 0001:0000e5d0       mdlZeroCrossings           000000018000f5d0 f   PWM_controller_sfun_registry.obj
 0001:0000e600       mdl_zeroCrossings_processing 000000018000f600 f   PWM_controller_sfun_registry.obj
 0001:0000e640       mdlDerivatives             000000018000f640 f   PWM_controller_sfun_registry.obj
 0001:0000e670       mdl_derivatives_processing 000000018000f670 f   PWM_controller_sfun_registry.obj
 0001:0000e6c0       mdlInitializeConditions    000000018000f6c0 f   PWM_controller_sfun_registry.obj
 0001:0000e6f0       mdl_initialize_conditions_processing 000000018000f6f0 f   PWM_controller_sfun_registry.obj
 0001:0000e740       mdlEnable                  000000018000f740 f   PWM_controller_sfun_registry.obj
 0001:0000e770       mdl_enable_processing      000000018000f770 f   PWM_controller_sfun_registry.obj
 0001:0000e7b0       mdlDisable                 000000018000f7b0 f   PWM_controller_sfun_registry.obj
 0001:0000e7e0       mdl_disable_processing     000000018000f7e0 f   PWM_controller_sfun_registry.obj
 0001:0000e820       mdlOutputs                 000000018000f820 f   PWM_controller_sfun_registry.obj
 0001:0000e850       mdl_outputs_processing     000000018000f850 f   PWM_controller_sfun_registry.obj
 0001:0000e930       mdl_outputs_continuous_legacy 000000018000f930 f   PWM_controller_sfun_registry.obj
 0001:0000ea20       mdlGetTimeOfNextVarHit     000000018000fa20 f   PWM_controller_sfun_registry.obj
 0001:0000ea70       _ProcessMexSfunctionCmdLineCall 000000018000fa70 f   PWM_controller_sfun_registry.obj
 0001:0000f1c0       mdlSetWorkWidths           00000001800101c0 f   PWM_controller_sfun_registry.obj
 0001:0000f1f0       mdlProcessParameters       00000001800101f0 f   PWM_controller_sfun_registry.obj
 0001:0000f220       mdlInitializeSizes         0000000180010220 f   PWM_controller_sfun_registry.obj
 0001:0000f250       mdlExtModeExec             0000000180010250 f   PWM_controller_sfun_registry.obj
 0001:0000f280       mdl_ext_mode_exec_processing 0000000180010280 f   PWM_controller_sfun_registry.obj
 0001:0000f2c0       mdlRTW                     00000001800102c0 f   PWM_controller_sfun_registry.obj
 0001:0000f300       _CreateSimStruct           0000000180010300 f   PWM_controller_sfun_registry.obj
 0001:0000f490       _RegNumInputPortsCB        0000000180010490 f   PWM_controller_sfun_registry.obj
 0001:0000f510       _RegNumOutputPortsCB       0000000180010510 f   PWM_controller_sfun_registry.obj
 0001:0000fa68       pre_c_init                 0000000180010a68 f   MSVCRT:crtdll.obj
 0001:0000fd24       __DllMainCRTStartup        0000000180010d24 f   MSVCRT:crtdll.obj
 0001:00010390       __DllMainCRTStartup$filt$0 0000000180011390 f   MSVCRT:crtdll.obj
 0001:000103c0       __DllMainCRTStartup$fin$1  00000001800113c0 f   MSVCRT:crtdll.obj
 0001:000103da       _onexit$fin$0              00000001800113da f   MSVCRT:atonexit.obj
 0001:00010400       _IsNonwritableInCurrentImage$filt$0 0000000180011400 f   MSVCRT:pesect.obj
