 untitled_sfun

 Timestamp is 543ee595 (Wed Oct 15 14:22:29 2014)

 Preferred load address is 0000000180000000

 Start         Length     Name                   Class
 0001:00000000 0000f124H .text                   CODE
 0001:0000f130 00000092H .text$x                 CODE
 0002:00000000 00000450H .idata$5                DATA
 0002:00000450 00000008H .CRT$XCA                DATA
 0002:00000458 00000008H .CRT$XCZ                DATA
 0002:00000460 00000008H .CRT$XIA                DATA
 0002:00000468 00000008H .CRT$XIAA               DATA
 0002:00000470 00000008H .CRT$XIZ                DATA
 0002:00000480 00000684H .rdata                  DATA
 0002:00000b08 00000008H .rtc$IAA                DATA
 0002:00000b10 00000008H .rtc$IZZ                DATA
 0002:00000b18 00000008H .rtc$TAA                DATA
 0002:00000b20 00000008H .rtc$TZZ                DATA
 0002:00000b28 00000668H .xdata                  DATA
 0002:00001190 00000078H .idata$2                DATA
 0002:00001208 00000014H .idata$3                DATA
 0002:00001220 00000450H .idata$4                DATA
 0002:00001670 00000c0aH .idata$6                DATA
 0002:00002280 00000053H .edata                  DATA
 0003:00000000 00001ba8H .data                   DATA
 0003:00001bb0 000006a8H .bss                    DATA
 0004:00000000 000007c8H .pdata                  DATA

  Address         Publics by Value              Rva+Base               Lib:Object

 0000:00000000       ___safe_se_handler_table   0000000000000000     <absolute>
 0000:00000000       ___safe_se_handler_count   0000000000000000     <absolute>
 0000:00000000       __ImageBase                0000000180000000     <linker-defined>
 0001:00000000       untitled_initializer       0000000180001000 f   untitled_sfun.obj
 0001:00000010       untitled_terminator        0000000180001010 f   untitled_sfun.obj
 0001:00000020       sf_untitled_method_dispatcher 0000000180001020 f   untitled_sfun.obj
 0001:00000070       sf_untitled_process_check_sum_call 0000000180001070 f   untitled_sfun.obj
 0001:00000480       sf_untitled_autoinheritance_info 0000000180001480 f   untitled_sfun.obj
 0001:000005f0       sf_untitled_get_eml_resolved_functions_info 00000001800015f0 f   untitled_sfun.obj
 0001:00000720       sf_untitled_third_party_uses_info 0000000180001720 f   untitled_sfun.obj
 0001:00000870       sf_untitled_updateBuildInfo_args_info 0000000180001870 f   untitled_sfun.obj
 0001:000009c0       untitled_debug_initialize  00000001800019c0 f   untitled_sfun.obj
 0001:00000a40       untitled_register_exported_symbols 0000000180001a40 f   untitled_sfun.obj
 0001:00000a50       load_untitled_optimization_info 0000000180001a50 f   untitled_sfun.obj
 0001:00000aa0       unload_untitled_optimization_info 0000000180001aa0 f   untitled_sfun.obj
 0001:00000ad0       sf_c3_untitled_get_eml_resolved_functions_info 0000000180001ad0 f   c3_untitled.obj
 0001:00000b50       sf_c3_untitled_get_check_sum 0000000180001b50 f   c3_untitled.obj
 0001:00000bd0       sf_c3_untitled_get_autoinheritance_info 0000000180001bd0 f   c3_untitled.obj
 0001:00001410       sf_c3_untitled_third_party_uses_info 0000000180002410 f   c3_untitled.obj
 0001:00001440       sf_c3_untitled_updateBuildInfo_args_info 0000000180002440 f   c3_untitled.obj
 0001:00001470       sf_internal_get_sim_state_c3_untitled 0000000180002470 f   c3_untitled.obj
 0001:00001920       sf_internal_set_sim_state_c3_untitled 0000000180002920 f   c3_untitled.obj
 0001:00002310       c3_untitled_method_dispatcher 0000000180003310 f   c3_untitled.obj
 0001:00008000       sf_process_check_sum_call  0000000180009000 f   untitled_sfun_registry.obj
 0001:00008050       sf_process_autoinheritance_call 0000000180009050 f   untitled_sfun_registry.obj
 0001:000081f0       sf_process_get_third_party_uses_info_call 00000001800091f0 f   untitled_sfun_registry.obj
 0001:00008390       sf_process_get_updateBuildInfo_args_info_call 0000000180009390 f   untitled_sfun_registry.obj
 0001:00008530       sf_process_get_eml_resolved_functions_info_call 0000000180009530 f   untitled_sfun_registry.obj
 0001:000086b0       sf_mex_unlock_call         00000001800096b0 f   untitled_sfun_registry.obj
 0001:00008760       sf_machine_global_initializer_called 0000000180009760 f   untitled_sfun_registry.obj
 0001:00008790       sf_machine_global_method_dispatcher 0000000180009790 f   untitled_sfun_registry.obj
 0001:000087f0       sf_machine_global_terminator 00000001800097f0 f   untitled_sfun_registry.obj
 0001:00008840       sf_register_machine_exported_symbols 0000000180009840 f   untitled_sfun_registry.obj
 0001:00008860       callCustomFcn              0000000180009860 f   untitled_sfun_registry.obj
 0001:00008870       sf_machine_global_initializer 0000000180009870 f   untitled_sfun_registry.obj
 0001:000088f0       mdlGetSimState             00000001800098f0 f   untitled_sfun_registry.obj
 0001:00008970       mdlSetSimState             0000000180009970 f   untitled_sfun_registry.obj
 0001:000089b0       _ssSetStateAbsTol          00000001800099b0 f   untitled_sfun_registry.obj
 0001:00008a90       _ssGetAbsTol               0000000180009a90 f   untitled_sfun_registry.obj
 0001:00008b00       _ssSetInputPortMatrixDimensions 0000000180009b00 f   untitled_sfun_registry.obj
 0001:00008c10       _ssSetOutputPortMatrixDimensions 0000000180009c10 f   untitled_sfun_registry.obj
 0001:00008d20       _ssSetInputPortVectorDimension 0000000180009d20 f   untitled_sfun_registry.obj
 0001:00008df0       _ssSetOutputPortVectorDimension 0000000180009df0 f   untitled_sfun_registry.obj
 0001:00008ec0       ssIsRunTimeParamTunable    0000000180009ec0 f   untitled_sfun_registry.obj
 0001:00008f30       ssGetSFuncBlockHandle      0000000180009f30 f   untitled_sfun_registry.obj
 0001:00008fa0       _ssGetCurrentInputPortWidth 0000000180009fa0 f   untitled_sfun_registry.obj
 0001:000090c0       _ssGetCurrentOutputPortWidth 000000018000a0c0 f   untitled_sfun_registry.obj
 0001:000091e0       _ssGetCallSystemNumFcnCallDestinations 000000018000a1e0 f   untitled_sfun_registry.obj
 0001:00009250       ssWarning                  000000018000a250 f   untitled_sfun_registry.obj
 0001:00009360       ssGetIsZeroCrossControlDisabled 000000018000a360 f   untitled_sfun_registry.obj
 0001:000093d0       ssSetIsInputPortUsedForContZcSignal 000000018000a3d0 f   untitled_sfun_registry.obj
 0001:00009440       ssSetZcSignalIsZcElementDisc 000000018000a440 f   untitled_sfun_registry.obj
 0001:000094f0       ssSetZcSignalName          000000018000a4f0 f   untitled_sfun_registry.obj
 0001:00009560       ssSetZcSignalWidth         000000018000a560 f   untitled_sfun_registry.obj
 0001:000095d0       ssSetZcSignalZcEventType   000000018000a5d0 f   untitled_sfun_registry.obj
 0001:00009640       ssSetZcSignalType          000000018000a640 f   untitled_sfun_registry.obj
 0001:000096b0       ssSetZcSignalZcTol         000000018000a6b0 f   untitled_sfun_registry.obj
 0001:00009720       ssSetZcSignalNeedsEventNotification 000000018000a720 f   untitled_sfun_registry.obj
 0001:00009790       ssCreateAndAddZcSignalInfo 000000018000a790 f   untitled_sfun_registry.obj
 0001:00009800       ssCloneAndAddZcSignalInfo  000000018000a800 f   untitled_sfun_registry.obj
 0001:00009870       ssGetNumZcSignals          000000018000a870 f   untitled_sfun_registry.obj
 0001:000098e0       ssGetZcSignalVector        000000018000a8e0 f   untitled_sfun_registry.obj
 0001:00009950       ssGetZcSignalZcEvents      000000018000a950 f   untitled_sfun_registry.obj
 0001:000099c0       ssGetZcSignalName          000000018000a9c0 f   untitled_sfun_registry.obj
 0001:00009a30       ssGetZcSignalWidth         000000018000aa30 f   untitled_sfun_registry.obj
 0001:00009aa0       ssGetZcSignalZcEventType   000000018000aaa0 f   untitled_sfun_registry.obj
 0001:00009b10       ssGetZcSignalType          000000018000ab10 f   untitled_sfun_registry.obj
 0001:00009b80       ssGetZcSignalZcTol         000000018000ab80 f   untitled_sfun_registry.obj
 0001:00009c00       ssGetZcSignalNeedsEventNotification 000000018000ac00 f   untitled_sfun_registry.obj
 0001:00009c70       ssGetZcSignalIsZcElementDisc 000000018000ac70 f   untitled_sfun_registry.obj
 0001:00009d10       ssGetIsInputPortElementContinuous 000000018000ad10 f   untitled_sfun_registry.obj
 0001:00009db0       _ssGetInputPortSignalPtrsFcn 000000018000adb0 f   untitled_sfun_registry.obj
 0001:0000a070       _ssGetInputPortSignalFcn   000000018000b070 f   untitled_sfun_registry.obj
 0001:0000a290       _ssSetInputPortDirectFeedThroughFcn 000000018000b290 f   untitled_sfun_registry.obj
 0001:0000a3f0       _ssSetInputPortReusableFcn 000000018000b3f0 f   untitled_sfun_registry.obj
 0001:0000a4e0       _ssSetOutputPortReusableFcn 000000018000b4e0 f   untitled_sfun_registry.obj
 0001:0000a5c0       ssGetDTypeIdFromMxArray    000000018000b5c0 f   untitled_sfun_registry.obj
 0001:0000a6e0       ssWriteRTWStr              000000018000b6e0 f   untitled_sfun_registry.obj
 0001:0000a740       ssWriteRTWMxVectParam      000000018000b740 f   untitled_sfun_registry.obj
 0001:0000a7a0       ssWriteRTWMx2dMatParam     000000018000b7a0 f   untitled_sfun_registry.obj
 0001:0000a820       ssWriteRTWNameValuePair    000000018000b820 f   untitled_sfun_registry.obj
 0001:0000ad10       ssWriteRTWParameters       000000018000bd10 f   untitled_sfun_registry.obj
 0001:0000b310       ssWriteRTWParamSettings    000000018000c310 f   untitled_sfun_registry.obj
 0001:0000b9e0       ssWriteRTWWorkVect         000000018000c9e0 f   untitled_sfun_registry.obj
 0001:0000bee0       mexFunction                000000018000cee0 f   untitled_sfun_registry.obj
 0001:0000e360       ProcessMexSfunctionEveryCall 000000018000f360 f   untitled_sfun_registry.obj
 0001:0000e4e2       sf_debug_set_machine_data_thresholds 000000018000f4e2 f   sf_runtime:sf_runtime.dll
 0001:0000e4e8       sf_debug_set_machine_event_thresholds 000000018000f4e8 f   sf_runtime:sf_runtime.dll
 0001:0000e4ee       sf_debug_initialize_machine 000000018000f4ee f   sf_runtime:sf_runtime.dll
 0001:0000e4f4       sf_load_rtw_optimization_info 000000018000f4f4 f   sf_runtime:sf_runtime.dll
 0001:0000e4fa       sf_mex_assign              000000018000f4fa f   sf_runtime:sf_runtime.dll
 0001:0000e500       sf_mex_create              000000018000f500 f   sf_runtime:sf_runtime.dll
 0001:0000e506       sf_mex_error_message       000000018000f506 f   sf_runtime:sf_runtime.dll
 0001:0000e50c       sf_mex_call_matlab         000000018000f50c f   sf_runtime:sf_runtime.dll
 0001:0000e512       sf_mex_setcell             000000018000f512 f   sf_runtime:sf_runtime.dll
 0001:0000e518       sf_mex_createcellmatrix    000000018000f518 f   sf_runtime:sf_runtime.dll
 0001:0000e51e       sf_mex_decode_encoded_mx_struct_array 000000018000f51e f   sf_runtime:sf_runtime.dll
 0001:0000e524       sf_mex_destroy             000000018000f524 f   sf_runtime:sf_runtime.dll
 0001:0000e52a       sf_mex_getcell             000000018000f52a f   sf_runtime:sf_runtime.dll
 0001:0000e530       sf_mex_dup                 000000018000f530 f   sf_runtime:sf_runtime.dll
 0001:0000e536       sf_debug_animate           000000018000f536 f   sf_runtime:sf_runtime.dll
 0001:0000e53c       sf_debug_call              000000018000f53c f   sf_runtime:sf_runtime.dll
 0001:0000e542       sf_debug_set_honor_breakpoints 000000018000f542 f   sf_runtime:sf_runtime.dll
 0001:0000e548       sf_debug_set_animation     000000018000f548 f   sf_runtime:sf_runtime.dll
 0001:0000e54e       sf_debug_get_animation     000000018000f54e f   sf_runtime:sf_runtime.dll
 0001:0000e554       sf_mex_import              000000018000f554 f   sf_runtime:sf_runtime.dll
 0001:0000e55a       sf_mex_duplicatearraysafe  000000018000f55a f   sf_runtime:sf_runtime.dll
 0001:0000e560       sf_set_rtw_dwork_info      000000018000f560 f   sf_runtime:sf_runtime.dll
 0001:0000e566       sf_mark_chart_reusable_outputs 000000018000f566 f   sf_runtime:sf_runtime.dll
 0001:0000e56c       sf_mark_chart_expressionable_inputs 000000018000f56c f   sf_runtime:sf_runtime.dll
 0001:0000e572       sf_update_buildInfo        000000018000f572 f   sf_runtime:sf_runtime.dll
 0001:0000e578       sf_rtw_info_uint_prop      000000018000f578 f   sf_runtime:sf_runtime.dll
 0001:0000e57e       sf_is_chart_inlinable      000000018000f57e f   sf_runtime:sf_runtime.dll
 0001:0000e584       sim_mode_is_external       000000018000f584 f   sf_runtime:sf_runtime.dll
 0001:0000e58a       sim_mode_is_rtw_gen        000000018000f58a f   sf_runtime:sf_runtime.dll
 0001:0000e590       sf_debug_reset_current_state_configuration 000000018000f590 f   sf_runtime:sf_runtime.dll
 0001:0000e596       sf_debug_set_instance_data_value_ptr 000000018000f596 f   sf_runtime:sf_runtime.dll
 0001:0000e59c       sf_debug_set_chart_data_compiled_props 000000018000f59c f   sf_runtime:sf_runtime.dll
 0001:0000e5a2       cv_eml_init_if             000000018000f5a2 f   sf_runtime:sf_runtime.dll
 0001:0000e5a8       cv_eml_init_script         000000018000f5a8 f   sf_runtime:sf_runtime.dll
 0001:0000e5ae       sf_debug_cv_init_trans     000000018000f5ae f   sf_runtime:sf_runtime.dll
 0001:0000e5b4       sf_debug_cv_init_state     000000018000f5b4 f   sf_runtime:sf_runtime.dll
 0001:0000e5ba       sf_debug_cv_init_chart     000000018000f5ba f   sf_runtime:sf_runtime.dll
 0001:0000e5c0       sf_debug_set_chart_state_substate_count 000000018000f5c0 f   sf_runtime:sf_runtime.dll
 0001:0000e5c6       sf_debug_set_chart_substate_index 000000018000f5c6 f   sf_runtime:sf_runtime.dll
 0001:0000e5cc       sf_debug_set_chart_decomposition 000000018000f5cc f   sf_runtime:sf_runtime.dll
 0001:0000e5d2       sf_debug_set_chart_substate_count 000000018000f5d2 f   sf_runtime:sf_runtime.dll
 0001:0000e5d8       sf_debug_set_chart_state_info 000000018000f5d8 f   sf_runtime:sf_runtime.dll
 0001:0000e5de       sf_debug_set_chart_data_props 000000018000f5de f   sf_runtime:sf_runtime.dll
 0001:0000e5e4       sf_debug_set_chart_event_thresholds 000000018000f5e4 f   sf_runtime:sf_runtime.dll
 0001:0000e5ea       sf_debug_set_chart_disable_implicit_casting 000000018000f5ea f   sf_runtime:sf_runtime.dll
 0001:0000e5f0       sf_debug_initialize_chart  000000018000f5f0 f   sf_runtime:sf_runtime.dll
 0001:0000e5f6       sf_get_time                000000018000f5f6 f   sf_runtime:sf_runtime.dll
 0001:0000e5fc       sf_debug_check_for_state_inconsistency 000000018000f5fc f   sf_runtime:sf_runtime.dll
 0001:0000e602       sf_debug_symbol_scope_pop  000000018000f602 f   sf_runtime:sf_runtime.dll
 0001:0000e608       sf_debug_data_range_wrapper 000000018000f608 f   sf_runtime:sf_runtime.dll
 0001:0000e60e       sf_debug_symbol_scope_push 000000018000f60e f   sf_runtime:sf_runtime.dll
 0001:0000e614       sf_mex_call_debug          000000018000f614 f   sf_runtime:sf_runtime.dll
 0001:0000e61a       sf_mex_printf              000000018000f61a f   sf_runtime:sf_runtime.dll
 0001:0000e620       cv_eml_eval                000000018000f620 f   sf_runtime:sf_runtime.dll
 0001:0000e626       cv_eval_point              000000018000f626 f   sf_runtime:sf_runtime.dll
 0001:0000e62c       sf_debug_symbol_scope_add_eml_importable 000000018000f62c f   sf_runtime:sf_runtime.dll
 0001:0000e632       sf_debug_symbol_scope_push_eml 000000018000f632 f   sf_runtime:sf_runtime.dll
 0001:0000e638       sf_debug_eml_data_array_bounds_error_check 000000018000f638 f   sf_runtime:sf_runtime.dll
 0001:0000e63e       sf_debug_read_before_write_check 000000018000f63e f   sf_runtime:sf_runtime.dll
 0001:0000e644       sf_clear_rtw_identifier    000000018000f644 f   sf_runtime:sf_runtime.dll
 0001:0000e64a       sf_debug_terminate         000000018000f64a f   sf_runtime:sf_runtime.dll
 0001:0000e650       sf_debug_create_debug_instance_struct 000000018000f650 f   sf_runtime:sf_runtime.dll
 0001:0000e656       sf_debug_api               000000018000f656 f   sf_runtime:sf_runtime.dll
 0001:0000e65c       callMdlMethodAndReportError 000000018000f65c f   sf_runtime:sf_runtime.dll
 0001:0000e662       call_sf_machine_global_method_dispatcher 000000018000f662 f   sf_runtime:sf_runtime.dll
 0001:0000e668       sf_clear_error_manager_info 000000018000f668 f   sf_runtime:sf_runtime.dll
 0001:0000e66e       sf_mex_error_direct_call   000000018000f66e f   sf_runtime:sf_runtime.dll
 0001:0000e674       mxGetScalar                000000018000f674 f   libmx:libmx.dll
 0001:0000e67a       mxGetPr                    000000018000f67a f   libmx:libmx.dll
 0001:0000e680       mxCreateDoubleMatrix_730   000000018000f680 f   libmx:libmx.dll
 0001:0000e686       mxGetString_730            000000018000f686 f   libmx:libmx.dll
 0001:0000e68c       mxIsChar                   000000018000f68c f   libmx:libmx.dll
 0001:0000e692       mxDestroyArray             000000018000f692 f   libmx:libmx.dll
 0001:0000e698       mxDuplicateArray           000000018000f698 f   libmx:libmx.dll
 0001:0000e69e       mxCreateDoubleScalar       000000018000f69e f   libmx:libmx.dll
 0001:0000e6a4       mxSetField_730             000000018000f6a4 f   libmx:libmx.dll
 0001:0000e6aa       mxCreateString             000000018000f6aa f   libmx:libmx.dll
 0001:0000e6b0       mxCreateStructMatrix_730   000000018000f6b0 f   libmx:libmx.dll
 0001:0000e6b6       mxCreateCellMatrix_730     000000018000f6b6 f   libmx:libmx.dll
 0001:0000e6bc       mxGetClassID               000000018000f6bc f   libmx:libmx.dll
 0001:0000e6c2       mxIsNumeric                000000018000f6c2 f   libmx:libmx.dll
 0001:0000e6c8       mxIsComplex                000000018000f6c8 f   libmx:libmx.dll
 0001:0000e6ce       mxGetN                     000000018000f6ce f   libmx:libmx.dll
 0001:0000e6d4       mxGetM                     000000018000f6d4 f   libmx:libmx.dll
 0001:0000e6da       mxCalloc                   000000018000f6da f   libmx:libmx.dll
 0001:0000e6e0       mexMakeArrayPersistent     000000018000f6e0 f   libmex:libmex.dll
 0001:0000e6e6       mexUnlock                  000000018000f6e6 f   libmex:libmex.dll
 0001:0000e6ec       mexIsLocked                000000018000f6ec f   libmex:libmex.dll
 0001:0000e6f2       mexWarnMsgTxt              000000018000f6f2 f   libmex:libmex.dll
 0001:0000e6f8       mexCallMATLAB              000000018000f6f8 f   libmex:libmex.dll
 0001:0000e6fe       mexErrMsgTxt               000000018000f6fe f   libmex:libmex.dll
 0001:0000e704       mexLock                    000000018000f704 f   libmex:libmex.dll
 0001:0000e70a       utMalloc                   000000018000f70a f   libut:libut.dll
 0001:0000e710       utFree                     000000018000f710 f   libut:libut.dll
 0001:0000e718       __GSHandlerCheckCommon     000000018000f718 f   MSVCRT:gshandler.obj
 0001:0000e77c       __GSHandlerCheck           000000018000f77c f   MSVCRT:gshandler.obj
 0001:0000e79a       strcmp                     000000018000f79a f   MSVCRT:MSVCR100.dll
 0001:0000e7b0       __security_check_cookie    000000018000f7b0 f   MSVCRT:amdsecgs.obj
 0001:0000e7d0       memset                     000000018000f7d0 f   MSVCRT:MSVCR100.dll
 0001:0000e7d6       free                       000000018000f7d6 f   MSVCRT:MSVCR100.dll
 0001:0000e7dc       sprintf                    000000018000f7dc f   MSVCRT:MSVCR100.dll
 0001:0000e7e2       malloc                     000000018000f7e2 f   MSVCRT:MSVCR100.dll
 0001:0000e7e8       strlen                     000000018000f7e8 f   MSVCRT:MSVCR100.dll
 0001:0000e7ee       strcat                     000000018000f7ee f   MSVCRT:MSVCR100.dll
 0001:0000e7f4       memcpy                     000000018000f7f4 f   MSVCRT:MSVCR100.dll
 0001:0000e7fc       NtCurrentTeb               000000018000f7fc f i MSVCRT:crtdll.obj
 0001:0000e868       _CRT_INIT                  000000018000f868 f   MSVCRT:crtdll.obj
 0001:0000ec00       _DllMainCRTStartup         000000018000fc00 f   MSVCRT:crtdll.obj
 0001:0000ec40       __report_gsfailure         000000018000fc40 f   MSVCRT:gs_report.obj
 0001:0000ed8c       __clean_type_info_names    000000018000fd8c f   MSVCRT:tncleanup.obj
 0001:0000ed98       _onexit                    000000018000fd98 f   MSVCRT:atonexit.obj
 0001:0000ee48       atexit                     000000018000fe48 f   MSVCRT:atonexit.obj
 0001:0000ee60       _RTC_Initialize            000000018000fe60 f   MSVCRT:_initsect_.obj
 0001:0000ee98       _RTC_Terminate             000000018000fe98 f   MSVCRT:_initsect_.obj
 0001:0000eed0       _malloc_crt                000000018000fed0 f   MSVCRT:MSVCR100.dll
 0001:0000eee0       _ValidateImageBase         000000018000fee0 f   MSVCRT:pesect.obj
 0001:0000ef10       _FindPESection             000000018000ff10 f   MSVCRT:pesect.obj
 0001:0000ef60       _IsNonwritableInCurrentImage 000000018000ff60 f   MSVCRT:pesect.obj
 0001:0000efa2       _initterm                  000000018000ffa2 f   MSVCRT:MSVCR100.dll
 0001:0000efa8       _initterm_e                000000018000ffa8 f   MSVCRT:MSVCR100.dll
 0001:0000efae       _encoded_null              000000018000ffae f   MSVCRT:MSVCR100.dll
 0001:0000efb4       _amsg_exit                 000000018000ffb4 f   MSVCRT:MSVCR100.dll
 0001:0000efba       __C_specific_handler       000000018000ffba f   MSVCRT:MSVCR100.dll
 0001:0000efc0       __CppXcptFilter            000000018000ffc0 f   MSVCRT:MSVCR100.dll
 0001:0000efc8       DllMain                    000000018000ffc8 f   MSVCRT:dllmain.obj
 0001:0000efec       __security_init_cookie     000000018000ffec f   MSVCRT:gs_support.obj
 0001:0000f0a0       __crt_debugger_hook        00000001800100a0 f   MSVCRT:MSVCR100.dll
 0001:0000f0a6       __clean_type_info_names_internal 00000001800100a6 f   MSVCRT:MSVCR100.dll
 0001:0000f0ac       _unlock                    00000001800100ac f   MSVCRT:MSVCR100.dll
 0001:0000f0b2       __dllonexit                00000001800100b2 f   MSVCRT:MSVCR100.dll
 0001:0000f0b8       _lock                      00000001800100b8 f   MSVCRT:MSVCR100.dll
 0001:0000f0be       EncodePointer              00000001800100be f   kernel32:KERNEL32.dll
 0001:0000f0c4       DecodePointer              00000001800100c4 f   kernel32:KERNEL32.dll
 0001:0000f0ca       Sleep                      00000001800100ca f   kernel32:KERNEL32.dll
 0001:0000f0d0       TerminateProcess           00000001800100d0 f   kernel32:KERNEL32.dll
 0001:0000f0d6       GetCurrentProcess          00000001800100d6 f   kernel32:KERNEL32.dll
 0001:0000f0dc       UnhandledExceptionFilter   00000001800100dc f   kernel32:KERNEL32.dll
 0001:0000f0e2       SetUnhandledExceptionFilter 00000001800100e2 f   kernel32:KERNEL32.dll
 0001:0000f0e8       IsDebuggerPresent          00000001800100e8 f   kernel32:KERNEL32.dll
 0001:0000f0ee       RtlVirtualUnwind           00000001800100ee f   kernel32:KERNEL32.dll
 0001:0000f0f4       RtlLookupFunctionEntry     00000001800100f4 f   kernel32:KERNEL32.dll
 0001:0000f0fa       RtlCaptureContext          00000001800100fa f   kernel32:KERNEL32.dll
 0001:0000f100       DisableThreadLibraryCalls  0000000180010100 f   kernel32:KERNEL32.dll
 0001:0000f106       QueryPerformanceCounter    0000000180010106 f   kernel32:KERNEL32.dll
 0001:0000f10c       GetTickCount               000000018001010c f   kernel32:KERNEL32.dll
 0001:0000f112       GetCurrentThreadId         0000000180010112 f   kernel32:KERNEL32.dll
 0001:0000f118       GetCurrentProcessId        0000000180010118 f   kernel32:KERNEL32.dll
 0001:0000f11e       GetSystemTimeAsFileTime    000000018001011e f   kernel32:KERNEL32.dll
 0002:00000000       __imp_GetSystemTimeAsFileTime 0000000180011000     kernel32:KERNEL32.dll
 0002:00000008       __imp_GetCurrentProcessId  0000000180011008     kernel32:KERNEL32.dll
 0002:00000010       __imp_GetCurrentThreadId   0000000180011010     kernel32:KERNEL32.dll
 0002:00000018       __imp_GetTickCount         0000000180011018     kernel32:KERNEL32.dll
 0002:00000020       __imp_QueryPerformanceCounter 0000000180011020     kernel32:KERNEL32.dll
 0002:00000028       __imp_DisableThreadLibraryCalls 0000000180011028     kernel32:KERNEL32.dll
 0002:00000030       __imp_RtlCaptureContext    0000000180011030     kernel32:KERNEL32.dll
 0002:00000038       __imp_RtlLookupFunctionEntry 0000000180011038     kernel32:KERNEL32.dll
 0002:00000040       __imp_RtlVirtualUnwind     0000000180011040     kernel32:KERNEL32.dll
 0002:00000048       __imp_IsDebuggerPresent    0000000180011048     kernel32:KERNEL32.dll
 0002:00000050       __imp_SetUnhandledExceptionFilter 0000000180011050     kernel32:KERNEL32.dll
 0002:00000058       __imp_UnhandledExceptionFilter 0000000180011058     kernel32:KERNEL32.dll
 0002:00000060       __imp_GetCurrentProcess    0000000180011060     kernel32:KERNEL32.dll
 0002:00000068       __imp_TerminateProcess     0000000180011068     kernel32:KERNEL32.dll
 0002:00000070       __imp_Sleep                0000000180011070     kernel32:KERNEL32.dll
 0002:00000078       __imp_DecodePointer        0000000180011078     kernel32:KERNEL32.dll
 0002:00000080       __imp_EncodePointer        0000000180011080     kernel32:KERNEL32.dll
 0002:00000088       \177KERNEL32_NULL_THUNK_DATA 0000000180011088     kernel32:KERNEL32.dll
 0002:00000090       __imp__onexit              0000000180011090     MSVCRT:MSVCR100.dll
 0002:00000098       __imp__lock                0000000180011098     MSVCRT:MSVCR100.dll
 0002:000000a0       __imp___dllonexit          00000001800110a0     MSVCRT:MSVCR100.dll
 0002:000000a8       __imp__unlock              00000001800110a8     MSVCRT:MSVCR100.dll
 0002:000000b0       __imp___clean_type_info_names_internal 00000001800110b0     MSVCRT:MSVCR100.dll
 0002:000000b8       __imp___crt_debugger_hook  00000001800110b8     MSVCRT:MSVCR100.dll
 0002:000000c0       __imp___CppXcptFilter      00000001800110c0     MSVCRT:MSVCR100.dll
 0002:000000c8       __imp___C_specific_handler 00000001800110c8     MSVCRT:MSVCR100.dll
 0002:000000d0       __imp__amsg_exit           00000001800110d0     MSVCRT:MSVCR100.dll
 0002:000000d8       __imp__encoded_null        00000001800110d8     MSVCRT:MSVCR100.dll
 0002:000000e0       __imp__initterm_e          00000001800110e0     MSVCRT:MSVCR100.dll
 0002:000000e8       __imp__initterm            00000001800110e8     MSVCRT:MSVCR100.dll
 0002:000000f0       __imp__malloc_crt          00000001800110f0     MSVCRT:MSVCR100.dll
 0002:000000f8       __imp_memcpy               00000001800110f8     MSVCRT:MSVCR100.dll
 0002:00000100       __imp_strcat               0000000180011100     MSVCRT:MSVCR100.dll
 0002:00000108       __imp_strlen               0000000180011108     MSVCRT:MSVCR100.dll
 0002:00000110       __imp_malloc               0000000180011110     MSVCRT:MSVCR100.dll
 0002:00000118       __imp_sprintf              0000000180011118     MSVCRT:MSVCR100.dll
 0002:00000120       __imp_free                 0000000180011120     MSVCRT:MSVCR100.dll
 0002:00000128       __imp_memset               0000000180011128     MSVCRT:MSVCR100.dll
 0002:00000130       __imp_strcmp               0000000180011130     MSVCRT:MSVCR100.dll
 0002:00000138       \177MSVCR100_NULL_THUNK_DATA 0000000180011138     MSVCRT:MSVCR100.dll
 0002:00000140       __imp_mexLock              0000000180011140     libmex:libmex.dll
 0002:00000148       __imp_mexErrMsgTxt         0000000180011148     libmex:libmex.dll
 0002:00000150       __imp_mexCallMATLAB        0000000180011150     libmex:libmex.dll
 0002:00000158       __imp_mexWarnMsgTxt        0000000180011158     libmex:libmex.dll
 0002:00000160       __imp_mexIsLocked          0000000180011160     libmex:libmex.dll
 0002:00000168       __imp_mexUnlock            0000000180011168     libmex:libmex.dll
 0002:00000170       __imp_mexMakeArrayPersistent 0000000180011170     libmex:libmex.dll
 0002:00000178       \177libmex_NULL_THUNK_DATA 0000000180011178     libmex:libmex.dll
 0002:00000180       __imp_mxCalloc             0000000180011180     libmx:libmx.dll
 0002:00000188       __imp_mxGetM               0000000180011188     libmx:libmx.dll
 0002:00000190       __imp_mxGetN               0000000180011190     libmx:libmx.dll
 0002:00000198       __imp_mxIsComplex          0000000180011198     libmx:libmx.dll
 0002:000001a0       __imp_mxIsNumeric          00000001800111a0     libmx:libmx.dll
 0002:000001a8       __imp_mxGetClassID         00000001800111a8     libmx:libmx.dll
 0002:000001b0       __imp_mxCreateCellMatrix_730 00000001800111b0     libmx:libmx.dll
 0002:000001b8       __imp_mxCreateStructMatrix_730 00000001800111b8     libmx:libmx.dll
 0002:000001c0       __imp_mxCreateString       00000001800111c0     libmx:libmx.dll
 0002:000001c8       __imp_mxSetField_730       00000001800111c8     libmx:libmx.dll
 0002:000001d0       __imp_mxCreateDoubleScalar 00000001800111d0     libmx:libmx.dll
 0002:000001d8       __imp_mxDuplicateArray     00000001800111d8     libmx:libmx.dll
 0002:000001e0       __imp_mxDestroyArray       00000001800111e0     libmx:libmx.dll
 0002:000001e8       __imp_mxIsChar             00000001800111e8     libmx:libmx.dll
 0002:000001f0       __imp_mxGetString_730      00000001800111f0     libmx:libmx.dll
 0002:000001f8       __imp_mxCreateDoubleMatrix_730 00000001800111f8     libmx:libmx.dll
 0002:00000200       __imp_mxGetPr              0000000180011200     libmx:libmx.dll
 0002:00000208       __imp_mxGetScalar          0000000180011208     libmx:libmx.dll
 0002:00000210       \177libmx_NULL_THUNK_DATA  0000000180011210     libmx:libmx.dll
 0002:00000218       __imp_utMalloc             0000000180011218     libut:libut.dll
 0002:00000220       __imp_utFree               0000000180011220     libut:libut.dll
 0002:00000228       \177libut_NULL_THUNK_DATA  0000000180011228     libut:libut.dll
 0002:00000230       __imp_call_sf_machine_global_method_dispatcher 0000000180011230     sf_runtime:sf_runtime.dll
 0002:00000238       __imp_callMdlMethodAndReportError 0000000180011238     sf_runtime:sf_runtime.dll
 0002:00000240       __imp_sf_debug_api         0000000180011240     sf_runtime:sf_runtime.dll
 0002:00000248       __imp_sf_debug_create_debug_instance_struct 0000000180011248     sf_runtime:sf_runtime.dll
 0002:00000250       __imp_sf_debug_terminate   0000000180011250     sf_runtime:sf_runtime.dll
 0002:00000258       __imp_sf_clear_rtw_identifier 0000000180011258     sf_runtime:sf_runtime.dll
 0002:00000260       __imp_sf_debug_read_before_write_check 0000000180011260     sf_runtime:sf_runtime.dll
 0002:00000268       __imp_sf_debug_eml_data_array_bounds_error_check 0000000180011268     sf_runtime:sf_runtime.dll
 0002:00000270       __imp_sf_debug_symbol_scope_push_eml 0000000180011270     sf_runtime:sf_runtime.dll
 0002:00000278       __imp_sf_debug_symbol_scope_add_eml_importable 0000000180011278     sf_runtime:sf_runtime.dll
 0002:00000280       __imp_cv_eval_point        0000000180011280     sf_runtime:sf_runtime.dll
 0002:00000288       __imp_cv_eml_eval          0000000180011288     sf_runtime:sf_runtime.dll
 0002:00000290       __imp_sf_clear_error_manager_info 0000000180011290     sf_runtime:sf_runtime.dll
 0002:00000298       __imp_sf_mex_call_debug    0000000180011298     sf_runtime:sf_runtime.dll
 0002:000002a0       __imp_sf_debug_symbol_scope_push 00000001800112a0     sf_runtime:sf_runtime.dll
 0002:000002a8       __imp_sf_debug_data_range_wrapper 00000001800112a8     sf_runtime:sf_runtime.dll
 0002:000002b0       __imp_sf_debug_symbol_scope_pop 00000001800112b0     sf_runtime:sf_runtime.dll
 0002:000002b8       __imp_sf_debug_check_for_state_inconsistency 00000001800112b8     sf_runtime:sf_runtime.dll
 0002:000002c0       __imp_sf_get_time          00000001800112c0     sf_runtime:sf_runtime.dll
 0002:000002c8       __imp_sf_debug_initialize_chart 00000001800112c8     sf_runtime:sf_runtime.dll
 0002:000002d0       __imp_sf_debug_set_chart_disable_implicit_casting 00000001800112d0     sf_runtime:sf_runtime.dll
 0002:000002d8       __imp_sf_debug_set_chart_event_thresholds 00000001800112d8     sf_runtime:sf_runtime.dll
 0002:000002e0       __imp_sf_debug_set_chart_data_props 00000001800112e0     sf_runtime:sf_runtime.dll
 0002:000002e8       __imp_sf_debug_set_chart_state_info 00000001800112e8     sf_runtime:sf_runtime.dll
 0002:000002f0       __imp_sf_debug_set_chart_substate_count 00000001800112f0     sf_runtime:sf_runtime.dll
 0002:000002f8       __imp_sf_mex_error_direct_call 00000001800112f8     sf_runtime:sf_runtime.dll
 0002:00000300       __imp_sf_mex_printf        0000000180011300     sf_runtime:sf_runtime.dll
 0002:00000308       __imp_sf_debug_set_chart_decomposition 0000000180011308     sf_runtime:sf_runtime.dll
 0002:00000310       __imp_sf_debug_set_chart_substate_index 0000000180011310     sf_runtime:sf_runtime.dll
 0002:00000318       __imp_sf_debug_set_chart_state_substate_count 0000000180011318     sf_runtime:sf_runtime.dll
 0002:00000320       __imp_sf_debug_cv_init_chart 0000000180011320     sf_runtime:sf_runtime.dll
 0002:00000328       __imp_sf_debug_cv_init_state 0000000180011328     sf_runtime:sf_runtime.dll
 0002:00000330       __imp_sf_debug_cv_init_trans 0000000180011330     sf_runtime:sf_runtime.dll
 0002:00000338       __imp_cv_eml_init_script   0000000180011338     sf_runtime:sf_runtime.dll
 0002:00000340       __imp_cv_eml_init_if       0000000180011340     sf_runtime:sf_runtime.dll
 0002:00000348       __imp_sf_debug_set_chart_data_compiled_props 0000000180011348     sf_runtime:sf_runtime.dll
 0002:00000350       __imp_sf_debug_set_instance_data_value_ptr 0000000180011350     sf_runtime:sf_runtime.dll
 0002:00000358       __imp_sf_debug_reset_current_state_configuration 0000000180011358     sf_runtime:sf_runtime.dll
 0002:00000360       __imp_sim_mode_is_rtw_gen  0000000180011360     sf_runtime:sf_runtime.dll
 0002:00000368       __imp_sim_mode_is_external 0000000180011368     sf_runtime:sf_runtime.dll
 0002:00000370       __imp_sf_is_chart_inlinable 0000000180011370     sf_runtime:sf_runtime.dll
 0002:00000378       __imp_sf_rtw_info_uint_prop 0000000180011378     sf_runtime:sf_runtime.dll
 0002:00000380       __imp_sf_update_buildInfo  0000000180011380     sf_runtime:sf_runtime.dll
 0002:00000388       __imp_sf_mark_chart_expressionable_inputs 0000000180011388     sf_runtime:sf_runtime.dll
 0002:00000390       __imp_sf_mark_chart_reusable_outputs 0000000180011390     sf_runtime:sf_runtime.dll
 0002:00000398       __imp_sf_set_rtw_dwork_info 0000000180011398     sf_runtime:sf_runtime.dll
 0002:000003a0       __imp_sf_mex_duplicatearraysafe 00000001800113a0     sf_runtime:sf_runtime.dll
 0002:000003a8       __imp_sf_mex_import        00000001800113a8     sf_runtime:sf_runtime.dll
 0002:000003b0       __imp_sf_debug_get_animation 00000001800113b0     sf_runtime:sf_runtime.dll
 0002:000003b8       __imp_sf_debug_set_animation 00000001800113b8     sf_runtime:sf_runtime.dll
 0002:000003c0       __imp_sf_debug_set_honor_breakpoints 00000001800113c0     sf_runtime:sf_runtime.dll
 0002:000003c8       __imp_sf_debug_call        00000001800113c8     sf_runtime:sf_runtime.dll
 0002:000003d0       __imp_sf_debug_animate     00000001800113d0     sf_runtime:sf_runtime.dll
 0002:000003d8       __imp_sf_mex_dup           00000001800113d8     sf_runtime:sf_runtime.dll
 0002:000003e0       __imp_sf_mex_getcell       00000001800113e0     sf_runtime:sf_runtime.dll
 0002:000003e8       __imp_sf_mex_destroy       00000001800113e8     sf_runtime:sf_runtime.dll
 0002:000003f0       __imp_sf_mex_decode_encoded_mx_struct_array 00000001800113f0     sf_runtime:sf_runtime.dll
 0002:000003f8       __imp_sf_mex_createcellmatrix 00000001800113f8     sf_runtime:sf_runtime.dll
 0002:00000400       __imp_sf_mex_setcell       0000000180011400     sf_runtime:sf_runtime.dll
 0002:00000408       __imp_sf_mex_call_matlab   0000000180011408     sf_runtime:sf_runtime.dll
 0002:00000410       __imp_sf_mex_error_message 0000000180011410     sf_runtime:sf_runtime.dll
 0002:00000418       __imp_sf_mex_create        0000000180011418     sf_runtime:sf_runtime.dll
 0002:00000420       __imp_sf_mex_assign        0000000180011420     sf_runtime:sf_runtime.dll
 0002:00000428       __imp_sf_load_rtw_optimization_info 0000000180011428     sf_runtime:sf_runtime.dll
 0002:00000430       __imp_sf_debug_initialize_machine 0000000180011430     sf_runtime:sf_runtime.dll
 0002:00000438       __imp_sf_debug_set_machine_event_thresholds 0000000180011438     sf_runtime:sf_runtime.dll
 0002:00000440       __imp_sf_debug_set_machine_data_thresholds 0000000180011440     sf_runtime:sf_runtime.dll
 0002:00000448       \177sf_runtime_NULL_THUNK_DATA 0000000180011448     sf_runtime:sf_runtime.dll
 0002:00000450       __xc_a                     0000000180011450     MSVCRT:cinitexe.obj
 0002:00000458       __xc_z                     0000000180011458     MSVCRT:cinitexe.obj
 0002:00000460       __xi_a                     0000000180011460     MSVCRT:cinitexe.obj
 0002:00000470       __xi_z                     0000000180011470     MSVCRT:cinitexe.obj
 0002:00000480       __real@41d862bdf9400000    0000000180011480     untitled_sfun.obj
 0002:00000488       __real@41e2c10922a00000    0000000180011488     untitled_sfun.obj
 0002:00000490       __real@41c5bf4a53800000    0000000180011490     untitled_sfun.obj
 0002:00000498       __real@41c6676c8d800000    0000000180011498     untitled_sfun.obj
 0002:000004a0       __real@41c900e78a000000    00000001800114a0     untitled_sfun.obj
 0002:000004a8       __real@41eda5398c800000    00000001800114a8     untitled_sfun.obj
 0002:000004b0       __real@41edcf5b43c00000    00000001800114b0     untitled_sfun.obj
 0002:000004b8       __real@41e695dff8600000    00000001800114b8     untitled_sfun.obj
 0002:000004c0       __real@41eb44f122c00000    00000001800114c0     untitled_sfun.obj
 0002:000004c8       __real@41ef8c83dbc00000    00000001800114c8     untitled_sfun.obj
 0002:000004d0       __real@41c848b984000000    00000001800114d0     untitled_sfun.obj
 0002:000004d8       __real@41e0cf35cfc00000    00000001800114d8     untitled_sfun.obj
 0002:000004e0       __real@41e5b4278a800000    00000001800114e0     untitled_sfun.obj
 0002:000004e8       __real@41dda374ca800000    00000001800114e8     untitled_sfun.obj
 0002:000004f0       __real@41d4a24708c00000    00000001800114f0     untitled_sfun.obj
 0002:000004f8       __real@41ca931eee000000    00000001800114f8     untitled_sfun.obj
 0002:00000500       __real@41eb20cbf5400000    0000000180011500     c3_untitled.obj
 0002:00000508       __real@41ce3755b0800000    0000000180011508     c3_untitled.obj
 0002:00000510       __real@41eae2634b000000    0000000180011510     c3_untitled.obj
 0002:00000518       __real@41e7744c09600000    0000000180011518     c3_untitled.obj
 0002:00000520       __real@4024000000000000    0000000180011520     c3_untitled.obj
 0002:00000528       __real@3ff0000000000000    0000000180011528     c3_untitled.obj
 0002:00000530       __real@0000000000000000    0000000180011530     c3_untitled.obj
 0002:00000540       DYNAMIC_DIMENSION_DEF      0000000180011540     untitled_sfun_registry.obj
 0002:00000560       _ssBadLevel2InputAccessMsg 0000000180011560     untitled_sfun_registry.obj
 0002:000006f0       _ssBadLevel2DirectFeedMsg  00000001800116f0     untitled_sfun_registry.obj
 0002:00000830       _ssBadLevel2DirectFeedSolutionMsg 0000000180011830     untitled_sfun_registry.obj
 0002:000008a0       _ssBadLevel2ZeroDirectFeedMsg 00000001800118a0     untitled_sfun_registry.obj
 0002:000009e0       _ssBadLevel2ZeroDirectFeedMsg2 00000001800119e0     untitled_sfun_registry.obj
 0002:00000ac8       __real@bff0000000000000    0000000180011ac8     untitled_sfun_registry.obj
 0002:00000ad0       __real@41602cbca0000000    0000000180011ad0     untitled_sfun_registry.obj
 0002:00000ad8       _pRawDllMain               0000000180011ad8     MSVCRT:crtdll.obj
 0002:00000ad8       _pDefaultRawDllMain        0000000180011ad8     MSVCRT:crtdll.obj
 0002:00000af0       ?ProcessDetach@NativeDll@<CrtImplementationDetails>@@0IB 0000000180011af0     MSVCRT:tncleanup.obj
 0002:00000af4       ?ProcessAttach@NativeDll@<CrtImplementationDetails>@@0IB 0000000180011af4     MSVCRT:tncleanup.obj
 0002:00000af8       ?ThreadAttach@NativeDll@<CrtImplementationDetails>@@0IB 0000000180011af8     MSVCRT:tncleanup.obj
 0002:00000afc       ?ThreadDetach@NativeDll@<CrtImplementationDetails>@@0IB 0000000180011afc     MSVCRT:tncleanup.obj
 0002:00000b00       ?ProcessVerifier@NativeDll@<CrtImplementationDetails>@@0IB 0000000180011b00     MSVCRT:tncleanup.obj
 0002:00000b08       __rtc_iaa                  0000000180011b08     MSVCRT:_initsect_.obj
 0002:00000b10       __rtc_izz                  0000000180011b10     MSVCRT:_initsect_.obj
 0002:00000b18       __rtc_taa                  0000000180011b18     MSVCRT:_initsect_.obj
 0002:00000b20       __rtc_tzz                  0000000180011b20     MSVCRT:_initsect_.obj
 0002:00001190       __IMPORT_DESCRIPTOR_sf_runtime 0000000180012190     sf_runtime:sf_runtime.dll
 0002:000011a4       __IMPORT_DESCRIPTOR_libmx  00000001800121a4     libmx:libmx.dll
 0002:000011b8       __IMPORT_DESCRIPTOR_libmex 00000001800121b8     libmex:libmex.dll
 0002:000011cc       __IMPORT_DESCRIPTOR_libut  00000001800121cc     libut:libut.dll
 0002:000011e0       __IMPORT_DESCRIPTOR_MSVCR100 00000001800121e0     MSVCRT:MSVCR100.dll
 0002:000011f4       __IMPORT_DESCRIPTOR_KERNEL32 00000001800121f4     kernel32:KERNEL32.dll
 0002:00001208       __NULL_IMPORT_DESCRIPTOR   0000000180012208     sf_runtime:sf_runtime.dll
 0003:00000f80       DYNAMIC_DIMENSION          0000000180014f80     untitled_sfun_registry.obj
 0003:00001b88       __security_cookie          0000000180015b88     MSVCRT:gs_cookie.obj
 0003:00001b90       __security_cookie_complement 0000000180015b90     MSVCRT:gs_cookie.obj
 0003:00001b98       _fltused                   0000000180015b98     MSVCRT:dllsupp.obj
 0003:00001ba0       __native_dllmain_reason    0000000180015ba0     MSVCRT:natstart.obj
 0003:00001ba4       __native_vcclrit_reason    0000000180015ba4     MSVCRT:natstart.obj
 0003:00001c98       sfGlobalDebugInstanceStruct 0000000180015c98     untitled_sfun_registry.obj
 0003:00002220       ?__type_info_root_node@@3U__type_info_node@@A 0000000180016220     MSVCRT:tncleanup.obj
 0003:00002230       _untitledMachineNumber_    0000000180016230     <common>
 0003:00002234       __native_startup_state     0000000180016234     <common>
 0003:00002238       __native_startup_lock      0000000180016238     <common>
 0003:00002240       __onexitend                0000000180016240     <common>
 0003:00002248       __onexitbegin              0000000180016248     <common>
 0003:00002250       __dyn_tls_init_callback    0000000180016250     <common>

 entry point at        0001:0000ec00

 Static symbols

 0001:00001570       get_sim_state_c3_untitled  0000000180002570 f   c3_untitled.obj
 0001:00001860       sf_get_sim_state_info_c3_untitled 0000000180002860 f   c3_untitled.obj
 0001:00001a30       set_sim_state_c3_untitled  0000000180002a30 f   c3_untitled.obj
 0001:00001bb0       c3_update_debugger_state_c3_untitled 0000000180002bb0 f   c3_untitled.obj
 0001:00001f50       c3_emlrt_marshallIn        0000000180002f50 f   c3_untitled.obj
 0001:00001fc0       c3_b_emlrt_marshallIn      0000000180002fc0 f   c3_untitled.obj
 0001:00002050       c3_c_emlrt_marshallIn      0000000180003050 f   c3_untitled.obj
 0001:000020b0       c3_d_emlrt_marshallIn      00000001800030b0 f   c3_untitled.obj
 0001:00002140       c3_f_emlrt_marshallIn      0000000180003140 f   c3_untitled.obj
 0001:000021a0       c3_g_emlrt_marshallIn      00000001800031a0 f   c3_untitled.obj
 0001:00002230       c3_h_emlrt_marshallIn      0000000180003230 f   c3_untitled.obj
 0001:000022b0       c3_i_emlrt_marshallIn      00000001800032b0 f   c3_untitled.obj
 0001:00002380       mdlProcessParameters_c3_untitled 0000000180003380 f   c3_untitled.obj
 0001:00002460       initialize_params_c3_untitled 0000000180003460 f   c3_untitled.obj
 0001:00002470       mdlSetWorkWidths_c3_untitled 0000000180003470 f   c3_untitled.obj
 0001:000029a0       sf_get_instance_specialization 00000001800039a0 f   c3_untitled.obj
 0001:000029b0       mdlStart_c3_untitled       00000001800039b0 f   c3_untitled.obj
 0001:00002be0       init_dsm_address_info      0000000180003be0 f   c3_untitled.obj
 0001:00002bf0       chart_debug_initialization 0000000180003bf0 f   c3_untitled.obj
 0001:000042c0       init_script_number_translation 00000001800052c0 f   c3_untitled.obj
 0001:000042e0       c3_sf_marshallOut          00000001800052e0 f   c3_untitled.obj
 0001:00004390       c3_sf_marshallIn           0000000180005390 f   c3_untitled.obj
 0001:00004430       c3_b_sf_marshallOut        0000000180005430 f   c3_untitled.obj
 0001:000044e0       c3_b_sf_marshallIn         00000001800054e0 f   c3_untitled.obj
 0001:00004580       sf_opaque_initialize_c3_untitled 0000000180005580 f   c3_untitled.obj
 0001:000045c0       initialize_c3_untitled     00000001800055c0 f   c3_untitled.obj
 0001:00004650       sf_opaque_enable_c3_untitled 0000000180005650 f   c3_untitled.obj
 0001:00004670       enable_c3_untitled         0000000180005670 f   c3_untitled.obj
 0001:000046a0       sf_opaque_disable_c3_untitled 00000001800056a0 f   c3_untitled.obj
 0001:000046c0       disable_c3_untitled        00000001800056c0 f   c3_untitled.obj
 0001:000046f0       sf_opaque_gateway_c3_untitled 00000001800056f0 f   c3_untitled.obj
 0001:00004710       sf_gateway_c3_untitled     0000000180005710 f   c3_untitled.obj
 0001:00004a40       c3_set_sim_state_side_effects_c3_untitled 0000000180005a40 f   c3_untitled.obj
 0001:00004ac0       c3_chartstep_c3_untitled   0000000180005ac0 f   c3_untitled.obj
 0001:00007d30       c3_updateDataWrittenToVector 0000000180008d30 f   c3_untitled.obj
 0001:00007db0       c3_errorIfDataNotWrittenToFcn 0000000180008db0 f   c3_untitled.obj
 0001:00007e70       sf_opaque_get_sim_state_c3_untitled 0000000180008e70 f   c3_untitled.obj
 0001:00007e90       sf_opaque_set_sim_state_c3_untitled 0000000180008e90 f   c3_untitled.obj
 0001:00007ec0       sf_opaque_terminate_c3_untitled 0000000180008ec0 f   c3_untitled.obj
 0001:00007f60       finalize_c3_untitled       0000000180008f60 f   c3_untitled.obj
 0001:00007f90       sf_opaque_init_subchart_simstructs 0000000180008f90 f   c3_untitled.obj
 0001:00007fb0       initSimStructsc3_untitled  0000000180008fb0 f   c3_untitled.obj
 0001:00007fc0       mdlRTW_c3_untitled         0000000180008fc0 f   c3_untitled.obj
 0001:00008930       getChartInfoFromSimStruct  0000000180009930 f   untitled_sfun_registry.obj
 0001:00009fd0       _ssFatalError              000000018000afd0 f   untitled_sfun_registry.obj
 0001:0000d080       ProcessMexSfunctionCmdLineCall 000000018000e080 f   untitled_sfun_registry.obj
 0001:0000d1b0       sf_debug_api_wrapper       000000018000e1b0 f   untitled_sfun_registry.obj
 0001:0000d200       mdlStart                   000000018000e200 f   untitled_sfun_registry.obj
 0001:0000d230       mdl_start_processing       000000018000e230 f   untitled_sfun_registry.obj
 0001:0000d2c0       mdlTerminate               000000018000e2c0 f   untitled_sfun_registry.obj
 0001:0000d2f0       mdl_terminate_processing   000000018000e2f0 f   untitled_sfun_registry.obj
 0001:0000d370       mdlInitializeSampleTimes   000000018000e370 f   untitled_sfun_registry.obj
 0001:0000d3a0       mdlZeroCrossings           000000018000e3a0 f   untitled_sfun_registry.obj
 0001:0000d3d0       mdl_zeroCrossings_processing 000000018000e3d0 f   untitled_sfun_registry.obj
 0001:0000d410       mdlDerivatives             000000018000e410 f   untitled_sfun_registry.obj
 0001:0000d440       mdl_derivatives_processing 000000018000e440 f   untitled_sfun_registry.obj
 0001:0000d490       mdlInitializeConditions    000000018000e490 f   untitled_sfun_registry.obj
 0001:0000d4c0       mdl_initialize_conditions_processing 000000018000e4c0 f   untitled_sfun_registry.obj
 0001:0000d510       mdlEnable                  000000018000e510 f   untitled_sfun_registry.obj
 0001:0000d540       mdl_enable_processing      000000018000e540 f   untitled_sfun_registry.obj
 0001:0000d580       mdlDisable                 000000018000e580 f   untitled_sfun_registry.obj
 0001:0000d5b0       mdl_disable_processing     000000018000e5b0 f   untitled_sfun_registry.obj
 0001:0000d5f0       mdlOutputs                 000000018000e5f0 f   untitled_sfun_registry.obj
 0001:0000d620       mdl_outputs_processing     000000018000e620 f   untitled_sfun_registry.obj
 0001:0000d700       mdl_outputs_continuous_legacy 000000018000e700 f   untitled_sfun_registry.obj
 0001:0000d7f0       mdlGetTimeOfNextVarHit     000000018000e7f0 f   untitled_sfun_registry.obj
 0001:0000d840       _ProcessMexSfunctionCmdLineCall 000000018000e840 f   untitled_sfun_registry.obj
 0001:0000df90       mdlSetWorkWidths           000000018000ef90 f   untitled_sfun_registry.obj
 0001:0000dfc0       mdlProcessParameters       000000018000efc0 f   untitled_sfun_registry.obj
 0001:0000dff0       mdlInitializeSizes         000000018000eff0 f   untitled_sfun_registry.obj
 0001:0000e020       mdlExtModeExec             000000018000f020 f   untitled_sfun_registry.obj
 0001:0000e050       mdl_ext_mode_exec_processing 000000018000f050 f   untitled_sfun_registry.obj
 0001:0000e090       mdlRTW                     000000018000f090 f   untitled_sfun_registry.obj
 0001:0000e0d0       _CreateSimStruct           000000018000f0d0 f   untitled_sfun_registry.obj
 0001:0000e260       _RegNumInputPortsCB        000000018000f260 f   untitled_sfun_registry.obj
 0001:0000e2e0       _RegNumOutputPortsCB       000000018000f2e0 f   untitled_sfun_registry.obj
 0001:0000e808       pre_c_init                 000000018000f808 f   MSVCRT:crtdll.obj
 0001:0000eac4       __DllMainCRTStartup        000000018000fac4 f   MSVCRT:crtdll.obj
 0001:0000f130       __DllMainCRTStartup$filt$0 0000000180010130 f   MSVCRT:crtdll.obj
 0001:0000f160       __DllMainCRTStartup$fin$1  0000000180010160 f   MSVCRT:crtdll.obj
 0001:0000f17a       _onexit$fin$0              000000018001017a f   MSVCRT:atonexit.obj
 0001:0000f1a0       _IsNonwritableInCurrentImage$filt$0 00000001800101a0 f   MSVCRT:pesect.obj
